--------------------------------------------------------------------------------
Release 14.7 Trace  (nt64)
Copyright (c) 1995-2013 Xilinx, Inc.  All rights reserved.

C:\Xilinx\14.7\ISE_DS\ISE\bin\nt64\unwrapped\trce.exe -intstyle ise -v 3 -s 3
-n 3 -fastpaths -xml array_multiplier.twx array_multiplier.ncd -o
array_multiplier.twr array_multiplier.pcf

Design file:              array_multiplier.ncd
Physical constraint file: array_multiplier.pcf
Device,package,speed:     xc7a100t,csg324,C,-3 (PRODUCTION 1.10 2013-10-13)
Report level:             verbose report

Environment Variable      Effect 
--------------------      ------ 
NONE                      No environment variables were set
--------------------------------------------------------------------------------

INFO:Timing:2698 - No timing constraints found, doing default enumeration.
INFO:Timing:3412 - To improve timing, see the Timing Closure User Guide (UG612).
INFO:Timing:2752 - To get complete path coverage, use the unconstrained paths 
   option. All paths that are not constrained will be reported in the 
   unconstrained paths section(s) of the report.
INFO:Timing:3339 - The clock-to-out numbers in this timing report are based on 
   a 50 Ohm transmission line loading model.  For the details of this model, 
   and for more information on accounting for different loading conditions, 
   please see the device datasheet.



Data Sheet report:
-----------------
All values displayed in nanoseconds (ns)

Pad to Pad
---------------+---------------+---------+
Source Pad     |Destination Pad|  Delay  |
---------------+---------------+---------+
a<0>           |c<0>           |    6.598|
a<0>           |c<1>           |    6.862|
a<0>           |c<2>           |    6.819|
a<0>           |c<3>           |    8.603|
a<0>           |c<4>           |    9.257|
a<0>           |c<5>           |   10.898|
a<0>           |c<6>           |   11.594|
a<0>           |c<7>           |   12.031|
a<0>           |c<8>           |   12.714|
a<0>           |c<9>           |   13.048|
a<0>           |c<10>          |   13.514|
a<0>           |c<11>          |   13.935|
a<0>           |c<12>          |   13.631|
a<1>           |c<1>           |    7.448|
a<1>           |c<2>           |    8.051|
a<1>           |c<3>           |    9.410|
a<1>           |c<4>           |   10.064|
a<1>           |c<5>           |   11.745|
a<1>           |c<6>           |   12.441|
a<1>           |c<7>           |   12.878|
a<1>           |c<8>           |   13.561|
a<1>           |c<9>           |   13.895|
a<1>           |c<10>          |   14.361|
a<1>           |c<11>          |   14.782|
a<1>           |c<12>          |   14.478|
a<2>           |c<2>           |    7.289|
a<2>           |c<3>           |    8.043|
a<2>           |c<4>           |    8.980|
a<2>           |c<5>           |   10.668|
a<2>           |c<6>           |   11.364|
a<2>           |c<7>           |   11.801|
a<2>           |c<8>           |   12.484|
a<2>           |c<9>           |   12.818|
a<2>           |c<10>          |   13.284|
a<2>           |c<11>          |   13.705|
a<2>           |c<12>          |   13.401|
a<3>           |c<3>           |    7.901|
a<3>           |c<4>           |    8.788|
a<3>           |c<5>           |   10.476|
a<3>           |c<6>           |   11.148|
a<3>           |c<7>           |   11.585|
a<3>           |c<8>           |   12.268|
a<3>           |c<9>           |   12.602|
a<3>           |c<10>          |   13.068|
a<3>           |c<11>          |   13.489|
a<3>           |c<12>          |   13.185|
a<4>           |c<4>           |    7.930|
a<4>           |c<5>           |    9.618|
a<4>           |c<6>           |   10.128|
a<4>           |c<7>           |   10.565|
a<4>           |c<8>           |   11.313|
a<4>           |c<9>           |   11.647|
a<4>           |c<10>          |   12.113|
a<4>           |c<11>          |   12.534|
a<4>           |c<12>          |   12.230|
a<5>           |c<5>           |    9.763|
a<5>           |c<6>           |   10.494|
a<5>           |c<7>           |   11.115|
a<5>           |c<8>           |   11.930|
a<5>           |c<9>           |   12.264|
a<5>           |c<10>          |   12.730|
a<5>           |c<11>          |   13.151|
a<5>           |c<12>          |   12.847|
a<6>           |c<6>           |    9.268|
a<6>           |c<7>           |    9.925|
a<6>           |c<8>           |   10.740|
a<6>           |c<9>           |   11.074|
a<6>           |c<10>          |   11.540|
a<6>           |c<11>          |   11.961|
a<6>           |c<12>          |   11.657|
b<0>           |c<0>           |    6.414|
b<0>           |c<1>           |    6.026|
b<0>           |c<2>           |    6.752|
b<0>           |c<3>           |    8.063|
b<0>           |c<4>           |    8.717|
b<0>           |c<5>           |   10.398|
b<0>           |c<6>           |   11.094|
b<0>           |c<7>           |   11.531|
b<0>           |c<8>           |   12.214|
b<0>           |c<9>           |   12.548|
b<0>           |c<10>          |   13.014|
b<0>           |c<11>          |   13.435|
b<0>           |c<12>          |   13.131|
b<1>           |c<1>           |    6.353|
b<1>           |c<2>           |    6.942|
b<1>           |c<3>           |    8.197|
b<1>           |c<4>           |    9.088|
b<1>           |c<5>           |   10.776|
b<1>           |c<6>           |   11.472|
b<1>           |c<7>           |   11.909|
b<1>           |c<8>           |   12.592|
b<1>           |c<9>           |   12.926|
b<1>           |c<10>          |   13.392|
b<1>           |c<11>          |   13.813|
b<1>           |c<12>          |   13.509|
b<2>           |c<2>           |    6.215|
b<2>           |c<3>           |    7.550|
b<2>           |c<4>           |    8.204|
b<2>           |c<5>           |    9.527|
b<2>           |c<6>           |    9.758|
b<2>           |c<7>           |   10.195|
b<2>           |c<8>           |   10.892|
b<2>           |c<9>           |   11.226|
b<2>           |c<10>          |   11.692|
b<2>           |c<11>          |   12.113|
b<2>           |c<12>          |   11.809|
b<3>           |c<3>           |    6.089|
b<3>           |c<4>           |    7.194|
b<3>           |c<5>           |    8.517|
b<3>           |c<6>           |    8.748|
b<3>           |c<7>           |    9.185|
b<3>           |c<8>           |    9.727|
b<3>           |c<9>           |   10.077|
b<3>           |c<10>          |   10.569|
b<3>           |c<11>          |   10.976|
b<3>           |c<12>          |   10.672|
b<4>           |c<4>           |    6.558|
b<4>           |c<5>           |    8.233|
b<4>           |c<6>           |    8.143|
b<4>           |c<7>           |    8.580|
b<4>           |c<8>           |    9.122|
b<4>           |c<9>           |    9.472|
b<4>           |c<10>          |    9.938|
b<4>           |c<11>          |   10.359|
b<4>           |c<12>          |   10.055|
b<5>           |c<5>           |    7.326|
b<5>           |c<6>           |    7.168|
b<5>           |c<7>           |    7.882|
b<5>           |c<8>           |    8.424|
b<5>           |c<9>           |    8.774|
b<5>           |c<10>          |    9.240|
b<5>           |c<11>          |    9.661|
b<5>           |c<12>          |    9.357|
t              |c<5>           |   10.217|
t              |c<6>           |   10.948|
t              |c<7>           |   11.569|
t              |c<8>           |   12.384|
t              |c<9>           |   12.718|
t              |c<10>          |   13.184|
t              |c<11>          |   13.605|
t              |c<12>          |   13.301|
---------------+---------------+---------+


Analysis completed Wed Apr 29 06:07:10 2020 
--------------------------------------------------------------------------------

Trace Settings:
-------------------------
Trace Settings 

Peak Memory Usage: 4999 MB



