--------------------------------------------------------------------------------
Release 14.7 Trace  (nt64)
Copyright (c) 1995-2013 Xilinx, Inc.  All rights reserved.

C:\Xilinx\14.7\ISE_DS\ISE\bin\nt64\unwrapped\trce.exe -intstyle ise -v 3 -s 3
-n 3 -fastpaths -xml leftrightshift.twx leftrightshift.ncd -o
leftrightshift.twr leftrightshift.pcf

Design file:              leftrightshift.ncd
Physical constraint file: leftrightshift.pcf
Device,package,speed:     xc7a100t,csg324,C,-3 (PRODUCTION 1.10 2013-10-13)
Report level:             verbose report

Environment Variable      Effect 
--------------------      ------ 
NONE                      No environment variables were set
--------------------------------------------------------------------------------

INFO:Timing:2698 - No timing constraints found, doing default enumeration.
INFO:Timing:3412 - To improve timing, see the Timing Closure User Guide (UG612).
INFO:Timing:2752 - To get complete path coverage, use the unconstrained paths 
   option. All paths that are not constrained will be reported in the 
   unconstrained paths section(s) of the report.
INFO:Timing:3339 - The clock-to-out numbers in this timing report are based on 
   a 50 Ohm transmission line loading model.  For the details of this model, 
   and for more information on accounting for different loading conditions, 
   please see the device datasheet.



Data Sheet report:
-----------------
All values displayed in nanoseconds (ns)

Pad to Pad
---------------+---------------+---------+
Source Pad     |Destination Pad|  Delay  |
---------------+---------------+---------+
control        |out<0>         |   10.486|
control        |out<1>         |   10.733|
control        |out<2>         |   10.898|
control        |out<3>         |   10.480|
control        |out<4>         |   10.632|
control        |out<5>         |   10.998|
control        |out<6>         |   11.201|
control        |out<7>         |   10.901|
control        |out<8>         |   10.699|
control        |out<9>         |   10.956|
control        |out<10>        |   10.806|
control        |out<11>        |   10.919|
control        |out<12>        |   10.369|
control        |out<13>        |   10.419|
control        |out<14>        |   10.069|
control        |out<15>        |   10.062|
control        |out<16>        |   10.332|
control        |out<17>        |   10.127|
control        |out<18>        |   10.306|
control        |out<19>        |   10.363|
control        |out<20>        |   10.544|
control        |out<21>        |   10.213|
control        |out<22>        |   10.724|
control        |out<23>        |   11.000|
control        |out<24>        |   10.814|
control        |out<25>        |   11.481|
control        |out<26>        |   10.972|
control        |out<27>        |   11.692|
control        |out<28>        |   11.170|
control        |out<29>        |   11.497|
control        |out<30>        |   11.355|
control        |out<31>        |   11.443|
num<0>         |out<0>         |    9.102|
num<0>         |out<1>         |    9.634|
num<0>         |out<2>         |    9.531|
num<0>         |out<3>         |    9.617|
num<0>         |out<4>         |    9.601|
num<0>         |out<5>         |    9.785|
num<0>         |out<6>         |   10.039|
num<0>         |out<7>         |    8.960|
num<0>         |out<8>         |    9.383|
num<0>         |out<9>         |    9.640|
num<0>         |out<10>        |    9.564|
num<0>         |out<11>        |    9.677|
num<0>         |out<12>        |    9.482|
num<0>         |out<13>        |    9.470|
num<0>         |out<14>        |    9.286|
num<0>         |out<15>        |    9.475|
num<0>         |out<16>        |    9.761|
num<0>         |out<17>        |    9.554|
num<0>         |out<18>        |    9.149|
num<0>         |out<19>        |    9.210|
num<0>         |out<20>        |    9.302|
num<0>         |out<21>        |    9.171|
num<0>         |out<22>        |    9.408|
num<0>         |out<23>        |    9.684|
num<0>         |out<24>        |    8.873|
num<0>         |out<25>        |   10.203|
num<0>         |out<26>        |    9.813|
num<0>         |out<27>        |   10.275|
num<0>         |out<28>        |   10.417|
num<0>         |out<29>        |   10.130|
num<0>         |out<30>        |   10.665|
num<0>         |out<31>        |   10.063|
num<1>         |out<0>         |    9.022|
num<1>         |out<1>         |    9.554|
num<1>         |out<2>         |    9.275|
num<1>         |out<3>         |    9.325|
num<1>         |out<4>         |    9.207|
num<1>         |out<5>         |    9.677|
num<1>         |out<6>         |    9.341|
num<1>         |out<7>         |    9.047|
num<1>         |out<8>         |    9.031|
num<1>         |out<9>         |    9.295|
num<1>         |out<10>        |    9.648|
num<1>         |out<11>        |    9.615|
num<1>         |out<12>        |    9.515|
num<1>         |out<13>        |    9.474|
num<1>         |out<14>        |    9.263|
num<1>         |out<15>        |    9.394|
num<1>         |out<16>        |    9.664|
num<1>         |out<17>        |    9.321|
num<1>         |out<18>        |    9.182|
num<1>         |out<19>        |    9.186|
num<1>         |out<20>        |    9.158|
num<1>         |out<21>        |    9.273|
num<1>         |out<22>        |    9.267|
num<1>         |out<23>        |    9.691|
num<1>         |out<24>        |    8.960|
num<1>         |out<25>        |   10.160|
num<1>         |out<26>        |    9.651|
num<1>         |out<27>        |   10.267|
num<1>         |out<28>        |   10.127|
num<1>         |out<29>        |   10.048|
num<1>         |out<30>        |   10.585|
num<1>         |out<31>        |    9.983|
num<2>         |out<0>         |    9.463|
num<2>         |out<1>         |    9.710|
num<2>         |out<2>         |    9.875|
num<2>         |out<3>         |    9.443|
num<2>         |out<4>         |    9.581|
num<2>         |out<5>         |    9.710|
num<2>         |out<6>         |   10.167|
num<2>         |out<7>         |    9.864|
num<2>         |out<8>         |    9.662|
num<2>         |out<9>         |    9.919|
num<2>         |out<10>        |    9.769|
num<2>         |out<11>        |    9.882|
num<2>         |out<12>        |    9.621|
num<2>         |out<13>        |    9.671|
num<2>         |out<14>        |    9.321|
num<2>         |out<15>        |    9.020|
num<2>         |out<16>        |    9.298|
num<2>         |out<17>        |    9.379|
num<2>         |out<18>        |    9.558|
num<2>         |out<19>        |    9.615|
num<2>         |out<20>        |    9.587|
num<2>         |out<21>        |    9.176|
num<2>         |out<22>        |    9.687|
num<2>         |out<23>        |    9.963|
num<2>         |out<24>        |    9.777|
num<2>         |out<25>        |    9.984|
num<2>         |out<26>        |    9.615|
num<2>         |out<27>        |   10.641|
num<2>         |out<28>        |   10.226|
num<2>         |out<29>        |   10.474|
num<2>         |out<30>        |   10.318|
num<2>         |out<31>        |   10.420|
num<3>         |out<0>         |    9.449|
num<3>         |out<1>         |    9.486|
num<3>         |out<2>         |    9.807|
num<3>         |out<3>         |    9.750|
num<3>         |out<4>         |    9.661|
num<3>         |out<5>         |   10.049|
num<3>         |out<6>         |   10.395|
num<3>         |out<7>         |    9.203|
num<3>         |out<8>         |    9.165|
num<3>         |out<9>         |    9.326|
num<3>         |out<10>        |    9.513|
num<3>         |out<11>        |    9.578|
num<3>         |out<12>        |    9.570|
num<3>         |out<13>        |    9.331|
num<3>         |out<14>        |    9.359|
num<3>         |out<15>        |    9.576|
num<3>         |out<16>        |    9.846|
num<3>         |out<17>        |    9.496|
num<3>         |out<18>        |    9.218|
num<3>         |out<19>        |    9.409|
num<3>         |out<20>        |    9.381|
num<3>         |out<21>        |    9.484|
num<3>         |out<22>        |    9.078|
num<3>         |out<23>        |    9.687|
num<3>         |out<24>        |    9.116|
num<3>         |out<25>        |   10.532|
num<3>         |out<26>        |   10.023|
num<3>         |out<27>        |   10.293|
num<3>         |out<28>        |   10.193|
num<3>         |out<29>        |   10.029|
num<3>         |out<30>        |   10.517|
num<3>         |out<31>        |   10.421|
num<4>         |out<0>         |    9.527|
num<4>         |out<1>         |    9.564|
num<4>         |out<2>         |    9.885|
num<4>         |out<3>         |    9.828|
num<4>         |out<4>         |    9.927|
num<4>         |out<5>         |   10.111|
num<4>         |out<6>         |   10.163|
num<4>         |out<7>         |    9.469|
num<4>         |out<8>         |    9.031|
num<4>         |out<9>         |    9.288|
num<4>         |out<10>        |    9.432|
num<4>         |out<11>        |    9.545|
num<4>         |out<12>        |    9.523|
num<4>         |out<13>        |    9.261|
num<4>         |out<14>        |    9.312|
num<4>         |out<15>        |    9.529|
num<4>         |out<16>        |    9.799|
num<4>         |out<17>        |    9.449|
num<4>         |out<18>        |    9.164|
num<4>         |out<19>        |    9.177|
num<4>         |out<20>        |    9.170|
num<4>         |out<21>        |    9.252|
num<4>         |out<22>        |    9.214|
num<4>         |out<23>        |    9.808|
num<4>         |out<24>        |    9.382|
num<4>         |out<25>        |   10.222|
num<4>         |out<26>        |   10.139|
num<4>         |out<27>        |   10.429|
num<4>         |out<28>        |   10.271|
num<4>         |out<29>        |   10.107|
num<4>         |out<30>        |   10.595|
num<4>         |out<31>        |   10.499|
num<5>         |out<0>         |    9.229|
num<5>         |out<1>         |    9.476|
num<5>         |out<2>         |    9.641|
num<5>         |out<3>         |    9.304|
num<5>         |out<4>         |    9.002|
num<5>         |out<5>         |    9.588|
num<5>         |out<6>         |   10.045|
num<5>         |out<7>         |    9.517|
num<5>         |out<8>         |    9.315|
num<5>         |out<9>         |    9.572|
num<5>         |out<10>        |    9.422|
num<5>         |out<11>        |    9.535|
num<5>         |out<12>        |    9.098|
num<5>         |out<13>        |    9.148|
num<5>         |out<14>        |    8.798|
num<5>         |out<15>        |    8.696|
num<5>         |out<16>        |    8.966|
num<5>         |out<17>        |    8.856|
num<5>         |out<18>        |    9.035|
num<5>         |out<19>        |    9.092|
num<5>         |out<20>        |    9.160|
num<5>         |out<21>        |    8.932|
num<5>         |out<22>        |    9.340|
num<5>         |out<23>        |    9.655|
num<5>         |out<24>        |    9.430|
num<5>         |out<25>        |    9.701|
num<5>         |out<26>        |    9.231|
num<5>         |out<27>        |    9.962|
num<5>         |out<28>        |   10.104|
num<5>         |out<29>        |   10.240|
num<5>         |out<30>        |   10.003|
num<5>         |out<31>        |   10.186|
num<6>         |out<0>         |    8.637|
num<6>         |out<1>         |    9.169|
num<6>         |out<2>         |    9.232|
num<6>         |out<3>         |    9.194|
num<6>         |out<4>         |    8.892|
num<6>         |out<5>         |    9.128|
num<6>         |out<6>         |    9.298|
num<6>         |out<7>         |    8.690|
num<6>         |out<8>         |    9.071|
num<6>         |out<9>         |    9.258|
num<6>         |out<10>        |    9.602|
num<6>         |out<11>        |    9.578|
num<6>         |out<12>        |    9.444|
num<6>         |out<13>        |    9.580|
num<6>         |out<14>        |    9.396|
num<6>         |out<15>        |    9.323|
num<6>         |out<16>        |    9.593|
num<6>         |out<17>        |    9.454|
num<6>         |out<18>        |    9.111|
num<6>         |out<19>        |    9.319|
num<6>         |out<20>        |    9.291|
num<6>         |out<21>        |    9.406|
num<6>         |out<22>        |    9.230|
num<6>         |out<23>        |    9.645|
num<6>         |out<24>        |    8.717|
num<6>         |out<25>        |    9.611|
num<6>         |out<26>        |    9.102|
num<6>         |out<27>        |    9.882|
num<6>         |out<28>        |    9.994|
num<6>         |out<29>        |    9.831|
num<6>         |out<30>        |   10.200|
num<6>         |out<31>        |    9.598|
num<7>         |out<0>         |    8.988|
num<7>         |out<1>         |    9.491|
num<7>         |out<2>         |    9.310|
num<7>         |out<3>         |    9.428|
num<7>         |out<4>         |    9.382|
num<7>         |out<5>         |    9.640|
num<7>         |out<6>         |    9.816|
num<7>         |out<7>         |    8.873|
num<7>         |out<8>         |    9.136|
num<7>         |out<9>         |    9.411|
num<7>         |out<10>        |    9.817|
num<7>         |out<11>        |    9.526|
num<7>         |out<12>        |    9.587|
num<7>         |out<13>        |    9.325|
num<7>         |out<14>        |    9.141|
num<7>         |out<15>        |    9.228|
num<7>         |out<16>        |    9.514|
num<7>         |out<17>        |    9.307|
num<7>         |out<18>        |    9.228|
num<7>         |out<19>        |    9.065|
num<7>         |out<20>        |    9.144|
num<7>         |out<21>        |    9.214|
num<7>         |out<22>        |    9.383|
num<7>         |out<23>        |    9.824|
num<7>         |out<24>        |    8.786|
num<7>         |out<25>        |   10.123|
num<7>         |out<26>        |    9.614|
num<7>         |out<27>        |   10.052|
num<7>         |out<28>        |   10.194|
num<7>         |out<29>        |    9.907|
num<7>         |out<30>        |   10.446|
num<7>         |out<31>        |    9.945|
num<8>         |out<0>         |    8.662|
num<8>         |out<1>         |    9.180|
num<8>         |out<2>         |    9.075|
num<8>         |out<3>         |    9.052|
num<8>         |out<4>         |    9.147|
num<8>         |out<5>         |    9.331|
num<8>         |out<6>         |    9.440|
num<8>         |out<7>         |    8.506|
num<8>         |out<8>         |    8.725|
num<8>         |out<9>         |    9.002|
num<8>         |out<10>        |    9.406|
num<8>         |out<11>        |    9.117|
num<8>         |out<12>        |    9.176|
num<8>         |out<13>        |    8.916|
num<8>         |out<14>        |    8.732|
num<8>         |out<15>        |    8.817|
num<8>         |out<16>        |    9.103|
num<8>         |out<17>        |    8.896|
num<8>         |out<18>        |    8.817|
num<8>         |out<19>        |    8.656|
num<8>         |out<20>        |    8.733|
num<8>         |out<21>        |    8.805|
num<8>         |out<22>        |    8.974|
num<8>         |out<23>        |    9.413|
num<8>         |out<24>        |    8.419|
num<8>         |out<25>        |    9.747|
num<8>         |out<26>        |    9.359|
num<8>         |out<27>        |    9.676|
num<8>         |out<28>        |    9.818|
num<8>         |out<29>        |    9.659|
num<8>         |out<30>        |   10.211|
num<8>         |out<31>        |    9.634|
num<9>         |out<0>         |    8.849|
num<9>         |out<1>         |    9.319|
num<9>         |out<2>         |    9.570|
num<9>         |out<3>         |    9.532|
num<9>         |out<4>         |    9.230|
num<9>         |out<5>         |    9.466|
num<9>         |out<6>         |    9.636|
num<9>         |out<7>         |    8.846|
num<9>         |out<8>         |    9.227|
num<9>         |out<9>         |    9.414|
num<9>         |out<10>        |    9.769|
num<9>         |out<11>        |    9.734|
num<9>         |out<12>        |    9.611|
num<9>         |out<13>        |    9.736|
num<9>         |out<14>        |    9.552|
num<9>         |out<15>        |    9.490|
num<9>         |out<16>        |    9.760|
num<9>         |out<17>        |    9.610|
num<9>         |out<18>        |    9.278|
num<9>         |out<19>        |    9.475|
num<9>         |out<20>        |    9.447|
num<9>         |out<21>        |    9.562|
num<9>         |out<22>        |    9.386|
num<9>         |out<23>        |    9.812|
num<9>         |out<24>        |    8.873|
num<9>         |out<25>        |    9.949|
num<9>         |out<26>        |    9.440|
num<9>         |out<27>        |   10.190|
num<9>         |out<28>        |   10.332|
num<9>         |out<29>        |   10.169|
num<9>         |out<30>        |   10.350|
num<9>         |out<31>        |    9.806|
num<10>        |out<0>         |    9.197|
num<10>        |out<1>         |    9.444|
num<10>        |out<2>         |    9.609|
num<10>        |out<3>         |    9.272|
num<10>        |out<4>         |    9.019|
num<10>        |out<5>         |    9.578|
num<10>        |out<6>         |   10.013|
num<10>        |out<7>         |    9.535|
num<10>        |out<8>         |    9.333|
num<10>        |out<9>         |    9.590|
num<10>        |out<10>        |    9.440|
num<10>        |out<11>        |    9.621|
num<10>        |out<12>        |    9.458|
num<10>        |out<13>        |    9.508|
num<10>        |out<14>        |    9.158|
num<10>        |out<15>        |    8.857|
num<10>        |out<16>        |    9.135|
num<10>        |out<17>        |    9.216|
num<10>        |out<18>        |    9.395|
num<10>        |out<19>        |    9.452|
num<10>        |out<20>        |    9.424|
num<10>        |out<21>        |    8.956|
num<10>        |out<22>        |    9.358|
num<10>        |out<23>        |    9.634|
num<10>        |out<24>        |    9.448|
num<10>        |out<25>        |   10.061|
num<10>        |out<26>        |    9.552|
num<10>        |out<27>        |   10.079|
num<10>        |out<28>        |   10.072|
num<10>        |out<29>        |   10.208|
num<10>        |out<30>        |   10.069|
num<10>        |out<31>        |   10.154|
num<11>        |out<0>         |    9.138|
num<11>        |out<1>         |    9.175|
num<11>        |out<2>         |    9.496|
num<11>        |out<3>         |    9.439|
num<11>        |out<4>         |    9.538|
num<11>        |out<5>         |    9.722|
num<11>        |out<6>         |   10.056|
num<11>        |out<7>         |    9.080|
num<11>        |out<8>         |    8.826|
num<11>        |out<9>         |    8.987|
num<11>        |out<10>        |    9.174|
num<11>        |out<11>        |    9.264|
num<11>        |out<12>        |    9.261|
num<11>        |out<13>        |    9.054|
num<11>        |out<14>        |    9.050|
num<11>        |out<15>        |    9.267|
num<11>        |out<16>        |    9.537|
num<11>        |out<17>        |    9.187|
num<11>        |out<18>        |    8.941|
num<11>        |out<19>        |    9.070|
num<11>        |out<20>        |    9.042|
num<11>        |out<21>        |    9.145|
num<11>        |out<22>        |    8.952|
num<11>        |out<23>        |    9.546|
num<11>        |out<24>        |    8.993|
num<11>        |out<25>        |   10.079|
num<11>        |out<26>        |    9.750|
num<11>        |out<27>        |   10.167|
num<11>        |out<28>        |    9.882|
num<11>        |out<29>        |    9.718|
num<11>        |out<30>        |   10.206|
num<11>        |out<31>        |   10.110|
num<12>        |out<0>         |    9.626|
num<12>        |out<1>         |    9.813|
num<12>        |out<2>         |    9.984|
num<12>        |out<3>         |    9.927|
num<12>        |out<4>         |    9.925|
num<12>        |out<5>         |   10.470|
num<12>        |out<6>         |   10.927|
num<12>        |out<7>         |    9.467|
num<12>        |out<8>         |    9.697|
num<12>        |out<9>         |    9.858|
num<12>        |out<10>        |   10.045|
num<12>        |out<11>        |   10.110|
num<12>        |out<12>        |    9.947|
num<12>        |out<13>        |    9.572|
num<12>        |out<14>        |    9.623|
num<12>        |out<15>        |    9.840|
num<12>        |out<16>        |   10.110|
num<12>        |out<17>        |    9.760|
num<12>        |out<18>        |    9.475|
num<12>        |out<19>        |    9.941|
num<12>        |out<20>        |    9.913|
num<12>        |out<21>        |   10.016|
num<12>        |out<22>        |    9.569|
num<12>        |out<23>        |   10.219|
num<12>        |out<24>        |    9.380|
num<12>        |out<25>        |   10.748|
num<12>        |out<26>        |   10.239|
num<12>        |out<27>        |   10.470|
num<12>        |out<28>        |   10.370|
num<12>        |out<29>        |   10.206|
num<12>        |out<30>        |   10.694|
num<12>        |out<31>        |   10.598|
num<13>        |out<0>         |    9.488|
num<13>        |out<1>         |    9.671|
num<13>        |out<2>         |    9.884|
num<13>        |out<3>         |    9.827|
num<13>        |out<4>         |    9.750|
num<13>        |out<5>         |    9.913|
num<13>        |out<6>         |   10.548|
num<13>        |out<7>         |   10.248|
num<13>        |out<8>         |   10.046|
num<13>        |out<9>         |   10.303|
num<13>        |out<10>        |   10.153|
num<13>        |out<11>        |   10.266|
num<13>        |out<12>        |    9.824|
num<13>        |out<13>        |    9.874|
num<13>        |out<14>        |    9.524|
num<13>        |out<15>        |    9.223|
num<13>        |out<16>        |    9.501|
num<13>        |out<17>        |    9.582|
num<13>        |out<18>        |    9.761|
num<13>        |out<19>        |    9.818|
num<13>        |out<20>        |    9.891|
num<13>        |out<21>        |    9.560|
num<13>        |out<22>        |   10.071|
num<13>        |out<23>        |   10.347|
num<13>        |out<24>        |   10.161|
num<13>        |out<25>        |   10.278|
num<13>        |out<26>        |    9.855|
num<13>        |out<27>        |   10.810|
num<13>        |out<28>        |   10.429|
num<13>        |out<29>        |   10.356|
num<13>        |out<30>        |   10.702|
num<13>        |out<31>        |   10.460|
num<14>        |out<0>         |    8.610|
num<14>        |out<1>         |    9.142|
num<14>        |out<2>         |    9.282|
num<14>        |out<3>         |    9.244|
num<14>        |out<4>         |    9.151|
num<14>        |out<5>         |    9.335|
num<14>        |out<6>         |    9.348|
num<14>        |out<7>         |    8.692|
num<14>        |out<8>         |    9.065|
num<14>        |out<9>         |    9.322|
num<14>        |out<10>        |    9.309|
num<14>        |out<11>        |    9.362|
num<14>        |out<12>        |    9.549|
num<14>        |out<13>        |    9.508|
num<14>        |out<14>        |    9.270|
num<14>        |out<15>        |    9.428|
num<14>        |out<16>        |    9.698|
num<14>        |out<17>        |    9.328|
num<14>        |out<18>        |    9.216|
num<14>        |out<19>        |    9.193|
num<14>        |out<20>        |    9.165|
num<14>        |out<21>        |    9.280|
num<14>        |out<22>        |    9.090|
num<14>        |out<23>        |    9.467|
num<14>        |out<24>        |    8.605|
num<14>        |out<25>        |    9.722|
num<14>        |out<26>        |    9.363|
num<14>        |out<27>        |    9.902|
num<14>        |out<28>        |   10.044|
num<14>        |out<29>        |    9.881|
num<14>        |out<30>        |   10.173|
num<14>        |out<31>        |    9.571|
num<15>        |out<0>         |    8.777|
num<15>        |out<1>         |    9.280|
num<15>        |out<2>         |    9.094|
num<15>        |out<3>         |    9.217|
num<15>        |out<4>         |    8.977|
num<15>        |out<5>         |    9.429|
num<15>        |out<6>         |    9.602|
num<15>        |out<7>         |    8.342|
num<15>        |out<8>         |    8.759|
num<15>        |out<9>         |    9.016|
num<15>        |out<10>        |    9.110|
num<15>        |out<11>        |    9.053|
num<15>        |out<12>        |    8.880|
num<15>        |out<13>        |    9.033|
num<15>        |out<14>        |    8.849|
num<15>        |out<15>        |    8.851|
num<15>        |out<16>        |    9.137|
num<15>        |out<17>        |    8.930|
num<15>        |out<18>        |    8.560|
num<15>        |out<19>        |    8.773|
num<15>        |out<20>        |    8.745|
num<15>        |out<21>        |    8.734|
num<15>        |out<22>        |    8.852|
num<15>        |out<23>        |    9.117|
num<15>        |out<24>        |    8.268|
num<15>        |out<25>        |    9.912|
num<15>        |out<26>        |    9.403|
num<15>        |out<27>        |    9.838|
num<15>        |out<28>        |    9.980|
num<15>        |out<29>        |    9.693|
num<15>        |out<30>        |   10.041|
num<15>        |out<31>        |    9.734|
num<16>        |out<0>         |    8.745|
num<16>        |out<1>         |    8.974|
num<16>        |out<2>         |    8.939|
num<16>        |out<3>         |    9.019|
num<16>        |out<4>         |    8.669|
num<16>        |out<5>         |    9.123|
num<16>        |out<6>         |    9.108|
num<16>        |out<7>         |    8.147|
num<16>        |out<8>         |    8.451|
num<16>        |out<9>         |    8.708|
num<16>        |out<10>        |    9.161|
num<16>        |out<11>        |    8.745|
num<16>        |out<12>        |    8.931|
num<16>        |out<13>        |    8.539|
num<16>        |out<14>        |    8.355|
num<16>        |out<15>        |    8.543|
num<16>        |out<16>        |    8.829|
num<16>        |out<17>        |    8.622|
num<16>        |out<18>        |    8.572|
num<16>        |out<19>        |    8.385|
num<16>        |out<20>        |    8.488|
num<16>        |out<21>        |    8.514|
num<16>        |out<22>        |    8.574|
num<16>        |out<23>        |    9.168|
num<16>        |out<24>        |    8.319|
num<16>        |out<25>        |    9.606|
num<16>        |out<26>        |    9.097|
num<16>        |out<27>        |    9.718|
num<16>        |out<28>        |    9.821|
num<16>        |out<29>        |    9.742|
num<16>        |out<30>        |    9.733|
num<16>        |out<31>        |    9.717|
num<17>        |out<0>         |    9.011|
num<17>        |out<1>         |    9.543|
num<17>        |out<2>         |    9.357|
num<17>        |out<3>         |    9.319|
num<17>        |out<4>         |    9.196|
num<17>        |out<5>         |    9.314|
num<17>        |out<6>         |    9.423|
num<17>        |out<7>         |    8.684|
num<17>        |out<8>         |    9.020|
num<17>        |out<9>         |    9.276|
num<17>        |out<10>        |    9.637|
num<17>        |out<11>        |    9.437|
num<17>        |out<12>        |    9.503|
num<17>        |out<13>        |    9.529|
num<17>        |out<14>        |    9.345|
num<17>        |out<15>        |    9.382|
num<17>        |out<16>        |    9.652|
num<17>        |out<17>        |    9.403|
num<17>        |out<18>        |    9.170|
num<17>        |out<19>        |    9.268|
num<17>        |out<20>        |    9.240|
num<17>        |out<21>        |    9.355|
num<17>        |out<22>        |    9.086|
num<17>        |out<23>        |    9.680|
num<17>        |out<24>        |    8.666|
num<17>        |out<25>        |    9.797|
num<17>        |out<26>        |    9.317|
num<17>        |out<27>        |   10.256|
num<17>        |out<28>        |   10.119|
num<17>        |out<29>        |   10.037|
num<17>        |out<30>        |   10.574|
num<17>        |out<31>        |    9.972|
num<18>        |out<0>         |    9.319|
num<18>        |out<1>         |    9.566|
num<18>        |out<2>         |    9.731|
num<18>        |out<3>         |    9.568|
num<18>        |out<4>         |    9.412|
num<18>        |out<5>         |    9.852|
num<18>        |out<6>         |   10.309|
num<18>        |out<7>         |    9.695|
num<18>        |out<8>         |    9.493|
num<18>        |out<9>         |    9.750|
num<18>        |out<10>        |    9.600|
num<18>        |out<11>        |    9.926|
num<18>        |out<12>        |    9.763|
num<18>        |out<13>        |    9.813|
num<18>        |out<14>        |    9.463|
num<18>        |out<15>        |    9.162|
num<18>        |out<16>        |    9.440|
num<18>        |out<17>        |    9.521|
num<18>        |out<18>        |    9.700|
num<18>        |out<19>        |    9.757|
num<18>        |out<20>        |    9.729|
num<18>        |out<21>        |    9.196|
num<18>        |out<22>        |    9.518|
num<18>        |out<23>        |    9.919|
num<18>        |out<24>        |    9.608|
num<18>        |out<25>        |    9.935|
num<18>        |out<26>        |    9.495|
num<18>        |out<27>        |   10.472|
num<18>        |out<28>        |   10.368|
num<18>        |out<29>        |   10.330|
num<18>        |out<30>        |   10.149|
num<18>        |out<31>        |   10.276|
num<19>        |out<0>         |    9.671|
num<19>        |out<1>         |    9.708|
num<19>        |out<2>         |   10.029|
num<19>        |out<3>         |    9.972|
num<19>        |out<4>         |    9.478|
num<19>        |out<5>         |   10.182|
num<19>        |out<6>         |   10.639|
num<19>        |out<7>         |    9.028|
num<19>        |out<8>         |    9.409|
num<19>        |out<9>         |    9.570|
num<19>        |out<10>        |    9.757|
num<19>        |out<11>        |    9.822|
num<19>        |out<12>        |    9.659|
num<19>        |out<13>        |    9.166|
num<19>        |out<14>        |    9.176|
num<19>        |out<15>        |    9.393|
num<19>        |out<16>        |    9.663|
num<19>        |out<17>        |    9.313|
num<19>        |out<18>        |    9.053|
num<19>        |out<19>        |    9.653|
num<19>        |out<20>        |    9.625|
num<19>        |out<21>        |    9.728|
num<19>        |out<22>        |    9.300|
num<19>        |out<23>        |    9.931|
num<19>        |out<24>        |    9.055|
num<19>        |out<25>        |   10.367|
num<19>        |out<26>        |    9.858|
num<19>        |out<27>        |   10.515|
num<19>        |out<28>        |   10.415|
num<19>        |out<29>        |   10.251|
num<19>        |out<30>        |   10.739|
num<19>        |out<31>        |   10.643|
num<20>        |out<0>         |    9.590|
num<20>        |out<1>         |    9.731|
num<20>        |out<2>         |    9.948|
num<20>        |out<3>         |    9.891|
num<20>        |out<4>         |    9.990|
num<20>        |out<5>         |   10.200|
num<20>        |out<6>         |   10.398|
num<20>        |out<7>         |    9.532|
num<20>        |out<8>         |    9.168|
num<20>        |out<9>         |    9.351|
num<20>        |out<10>        |    9.516|
num<20>        |out<11>        |    9.608|
num<20>        |out<12>        |    9.731|
num<20>        |out<13>        |    9.469|
num<20>        |out<14>        |    9.520|
num<20>        |out<15>        |    9.737|
num<20>        |out<16>        |   10.007|
num<20>        |out<17>        |    9.657|
num<20>        |out<18>        |    9.372|
num<20>        |out<19>        |    9.412|
num<20>        |out<20>        |    9.384|
num<20>        |out<21>        |    9.487|
num<20>        |out<22>        |    9.422|
num<20>        |out<23>        |   10.016|
num<20>        |out<24>        |    9.445|
num<20>        |out<25>        |   10.683|
num<20>        |out<26>        |   10.202|
num<20>        |out<27>        |   10.637|
num<20>        |out<28>        |   10.334|
num<20>        |out<29>        |   10.170|
num<20>        |out<30>        |   10.658|
num<20>        |out<31>        |   10.562|
num<21>        |out<0>         |    9.432|
num<21>        |out<1>         |    9.615|
num<21>        |out<2>         |    9.828|
num<21>        |out<3>         |    9.771|
num<21>        |out<4>         |    9.596|
num<21>        |out<5>         |    9.771|
num<21>        |out<6>         |   10.141|
num<21>        |out<7>         |    9.841|
num<21>        |out<8>         |    9.639|
num<21>        |out<9>         |    9.896|
num<21>        |out<10>        |    9.746|
num<21>        |out<11>        |    9.859|
num<21>        |out<12>        |    9.512|
num<21>        |out<13>        |    9.562|
num<21>        |out<14>        |    9.212|
num<21>        |out<15>        |    9.020|
num<21>        |out<16>        |    9.290|
num<21>        |out<17>        |    9.270|
num<21>        |out<18>        |    9.449|
num<21>        |out<19>        |    9.506|
num<21>        |out<20>        |    9.484|
num<21>        |out<21>        |    9.153|
num<21>        |out<22>        |    9.664|
num<21>        |out<23>        |    9.940|
num<21>        |out<24>        |    9.754|
num<21>        |out<25>        |   10.115|
num<21>        |out<26>        |    9.799|
num<21>        |out<27>        |   10.656|
num<21>        |out<28>        |   10.214|
num<21>        |out<29>        |   10.274|
num<21>        |out<30>        |   10.646|
num<21>        |out<31>        |   10.404|
num<22>        |out<0>         |    8.394|
num<22>        |out<1>         |    8.859|
num<22>        |out<2>         |    9.115|
num<22>        |out<3>         |    9.077|
num<22>        |out<4>         |    8.775|
num<22>        |out<5>         |    9.011|
num<22>        |out<6>         |    9.181|
num<22>        |out<7>         |    8.401|
num<22>        |out<8>         |    8.782|
num<22>        |out<9>         |    8.969|
num<22>        |out<10>        |    9.214|
num<22>        |out<11>        |    9.289|
num<22>        |out<12>        |    9.056|
num<22>        |out<13>        |    9.291|
num<22>        |out<14>        |    9.107|
num<22>        |out<15>        |    8.935|
num<22>        |out<16>        |    9.205|
num<22>        |out<17>        |    9.165|
num<22>        |out<18>        |    8.772|
num<22>        |out<19>        |    9.030|
num<22>        |out<20>        |    9.002|
num<22>        |out<21>        |    9.117|
num<22>        |out<22>        |    8.941|
num<22>        |out<23>        |    9.304|
num<22>        |out<24>        |    8.428|
num<22>        |out<25>        |    9.494|
num<22>        |out<26>        |    8.985|
num<22>        |out<27>        |    9.735|
num<22>        |out<28>        |    9.877|
num<22>        |out<29>        |    9.714|
num<22>        |out<30>        |    9.811|
num<22>        |out<31>        |    9.351|
num<23>        |out<0>         |    8.943|
num<23>        |out<1>         |    9.461|
num<23>        |out<2>         |    9.356|
num<23>        |out<3>         |    9.299|
num<23>        |out<4>         |    9.428|
num<23>        |out<5>         |    9.612|
num<23>        |out<6>         |    9.552|
num<23>        |out<7>         |    8.902|
num<23>        |out<8>         |    9.208|
num<23>        |out<9>         |    9.465|
num<23>        |out<10>        |    9.889|
num<23>        |out<11>        |    9.555|
num<23>        |out<12>        |    9.659|
num<23>        |out<13>        |    9.354|
num<23>        |out<14>        |    9.170|
num<23>        |out<15>        |    9.300|
num<23>        |out<16>        |    9.586|
num<23>        |out<17>        |    9.379|
num<23>        |out<18>        |    9.300|
num<23>        |out<19>        |    9.113|
num<23>        |out<20>        |    9.216|
num<23>        |out<21>        |    9.243|
num<23>        |out<22>        |    9.412|
num<23>        |out<23>        |    9.896|
num<23>        |out<24>        |    8.815|
num<23>        |out<25>        |    9.859|
num<23>        |out<26>        |    9.640|
num<23>        |out<27>        |    9.916|
num<23>        |out<28>        |   10.019|
num<23>        |out<29>        |    9.940|
num<23>        |out<30>        |   10.492|
num<23>        |out<31>        |    9.915|
num<24>        |out<0>         |    8.324|
num<24>        |out<1>         |    8.827|
num<24>        |out<2>         |    8.644|
num<24>        |out<3>         |    8.764|
num<24>        |out<4>         |    8.691|
num<24>        |out<5>         |    8.976|
num<24>        |out<6>         |    9.152|
num<24>        |out<7>         |    8.385|
num<24>        |out<8>         |    8.477|
num<24>        |out<9>         |    8.923|
num<24>        |out<10>        |    9.158|
num<24>        |out<11>        |    9.038|
num<24>        |out<12>        |    8.928|
num<24>        |out<13>        |    8.837|
num<24>        |out<14>        |    8.653|
num<24>        |out<15>        |    8.569|
num<24>        |out<16>        |    8.855|
num<24>        |out<17>        |    8.711|
num<24>        |out<18>        |    8.603|
num<24>        |out<19>        |    8.577|
num<24>        |out<20>        |    8.549|
num<24>        |out<21>        |    8.726|
num<24>        |out<22>        |    8.895|
num<24>        |out<23>        |    9.165|
num<24>        |out<24>        |    8.298|
num<24>        |out<25>        |    9.459|
num<24>        |out<26>        |    8.950|
num<24>        |out<27>        |    9.388|
num<24>        |out<28>        |    9.530|
num<24>        |out<29>        |    9.243|
num<24>        |out<30>        |    9.755|
num<24>        |out<31>        |    9.281|
num<25>        |out<0>         |    8.830|
num<25>        |out<1>         |    9.362|
num<25>        |out<2>         |    9.364|
num<25>        |out<3>         |    9.326|
num<25>        |out<4>         |    9.024|
num<25>        |out<5>         |    9.260|
num<25>        |out<6>         |    9.430|
num<25>        |out<7>         |    8.630|
num<25>        |out<8>         |    8.895|
num<25>        |out<9>         |    9.152|
num<25>        |out<10>        |    9.716|
num<25>        |out<11>        |    9.357|
num<25>        |out<12>        |    9.558|
num<25>        |out<13>        |    9.517|
num<25>        |out<14>        |    9.220|
num<25>        |out<15>        |    9.437|
num<25>        |out<16>        |    9.707|
num<25>        |out<17>        |    9.235|
num<25>        |out<18>        |    9.225|
num<25>        |out<19>        |    9.106|
num<25>        |out<20>        |    9.070|
num<25>        |out<21>        |    9.185|
num<25>        |out<22>        |    9.165|
num<25>        |out<23>        |    9.759|
num<25>        |out<24>        |    8.543|
num<25>        |out<25>        |    9.743|
num<25>        |out<26>        |    9.234|
num<25>        |out<27>        |   10.075|
num<25>        |out<28>        |   10.126|
num<25>        |out<29>        |    9.963|
num<25>        |out<30>        |   10.393|
num<25>        |out<31>        |    9.791|
num<26>        |out<0>         |    9.157|
num<26>        |out<1>         |    9.404|
num<26>        |out<2>         |    9.569|
num<26>        |out<3>         |    9.301|
num<26>        |out<4>         |    9.126|
num<26>        |out<5>         |    9.716|
num<26>        |out<6>         |   10.191|
num<26>        |out<7>         |    9.891|
num<26>        |out<8>         |    9.689|
num<26>        |out<9>         |    9.946|
num<26>        |out<10>        |    9.796|
num<26>        |out<11>        |    9.909|
num<26>        |out<12>        |    9.596|
num<26>        |out<13>        |    9.646|
num<26>        |out<14>        |    9.296|
num<26>        |out<15>        |    9.070|
num<26>        |out<16>        |    9.340|
num<26>        |out<17>        |    9.354|
num<26>        |out<18>        |    9.533|
num<26>        |out<19>        |    9.590|
num<26>        |out<20>        |    9.562|
num<26>        |out<21>        |    9.203|
num<26>        |out<22>        |    9.714|
num<26>        |out<23>        |    9.990|
num<26>        |out<24>        |    9.804|
num<26>        |out<25>        |   10.199|
num<26>        |out<26>        |    9.690|
num<26>        |out<27>        |   10.186|
num<26>        |out<28>        |   10.032|
num<26>        |out<29>        |   10.168|
num<26>        |out<30>        |   10.176|
num<26>        |out<31>        |   10.114|
num<27>        |out<0>         |    9.456|
num<27>        |out<1>         |    9.493|
num<27>        |out<2>         |    9.814|
num<27>        |out<3>         |    9.757|
num<27>        |out<4>         |    9.856|
num<27>        |out<5>         |   10.040|
num<27>        |out<6>         |   10.412|
num<27>        |out<7>         |    9.398|
num<27>        |out<8>         |    9.182|
num<27>        |out<9>         |    9.343|
num<27>        |out<10>        |    9.530|
num<27>        |out<11>        |    9.620|
num<27>        |out<12>        |    9.432|
num<27>        |out<13>        |    9.410|
num<27>        |out<14>        |    9.186|
num<27>        |out<15>        |    9.403|
num<27>        |out<16>        |    9.673|
num<27>        |out<17>        |    9.323|
num<27>        |out<18>        |    9.297|
num<27>        |out<19>        |    9.426|
num<27>        |out<20>        |    9.398|
num<27>        |out<21>        |    9.501|
num<27>        |out<22>        |    9.088|
num<27>        |out<23>        |    9.704|
num<27>        |out<24>        |    9.311|
num<27>        |out<25>        |   10.380|
num<27>        |out<26>        |   10.068|
num<27>        |out<27>        |   10.303|
num<27>        |out<28>        |   10.200|
num<27>        |out<29>        |   10.036|
num<27>        |out<30>        |   10.524|
num<27>        |out<31>        |   10.428|
num<28>        |out<0>         |    9.168|
num<28>        |out<1>         |    9.229|
num<28>        |out<2>         |    9.526|
num<28>        |out<3>         |    9.563|
num<28>        |out<4>         |    9.686|
num<28>        |out<5>         |   10.289|
num<28>        |out<6>         |   10.343|
num<28>        |out<7>         |    9.228|
num<28>        |out<8>         |    9.113|
num<28>        |out<9>         |    9.299|
num<28>        |out<10>        |    9.461|
num<28>        |out<11>        |    9.781|
num<28>        |out<12>        |    9.595|
num<28>        |out<13>        |    9.571|
num<28>        |out<14>        |    9.384|
num<28>        |out<15>        |    9.601|
num<28>        |out<16>        |    9.871|
num<28>        |out<17>        |    9.521|
num<28>        |out<18>        |    9.458|
num<28>        |out<19>        |    9.357|
num<28>        |out<20>        |    9.329|
num<28>        |out<21>        |    9.432|
num<28>        |out<22>        |    9.271|
num<28>        |out<23>        |    9.635|
num<28>        |out<24>        |    9.141|
num<28>        |out<25>        |   10.772|
num<28>        |out<26>        |   10.263|
num<28>        |out<27>        |   10.109|
num<28>        |out<28>        |   10.191|
num<28>        |out<29>        |    9.748|
num<28>        |out<30>        |   10.236|
num<28>        |out<31>        |   10.140|
num<29>        |out<0>         |    9.434|
num<29>        |out<1>         |    9.681|
num<29>        |out<2>         |    9.846|
num<29>        |out<3>         |    9.484|
num<29>        |out<4>         |    9.748|
num<29>        |out<5>         |    9.552|
num<29>        |out<6>         |   10.028|
num<29>        |out<7>         |    9.728|
num<29>        |out<8>         |    9.526|
num<29>        |out<9>         |    9.783|
num<29>        |out<10>        |    9.726|
num<29>        |out<11>        |    9.746|
num<29>        |out<12>        |    9.427|
num<29>        |out<13>        |    9.143|
num<29>        |out<14>        |    8.961|
num<29>        |out<15>        |    9.178|
num<29>        |out<16>        |    9.448|
num<29>        |out<17>        |    9.095|
num<29>        |out<18>        |    9.068|
num<29>        |out<19>        |    9.087|
num<29>        |out<20>        |    9.371|
num<29>        |out<21>        |    9.079|
num<29>        |out<22>        |    9.551|
num<29>        |out<23>        |    9.897|
num<29>        |out<24>        |    9.641|
num<29>        |out<25>        |    9.955|
num<29>        |out<26>        |    9.782|
num<29>        |out<27>        |   10.808|
num<29>        |out<28>        |   10.286|
num<29>        |out<29>        |   10.445|
num<29>        |out<30>        |   10.208|
num<29>        |out<31>        |   10.391|
num<30>        |out<0>         |    9.016|
num<30>        |out<1>         |    9.481|
num<30>        |out<2>         |    9.737|
num<30>        |out<3>         |    9.699|
num<30>        |out<4>         |    9.397|
num<30>        |out<5>         |    9.405|
num<30>        |out<6>         |    9.803|
num<30>        |out<7>         |    9.019|
num<30>        |out<8>         |    9.400|
num<30>        |out<9>         |    9.577|
num<30>        |out<10>        |    9.764|
num<30>        |out<11>        |    9.817|
num<30>        |out<12>        |    9.654|
num<30>        |out<13>        |    9.909|
num<30>        |out<14>        |    9.725|
num<30>        |out<15>        |    9.359|
num<30>        |out<16>        |    9.629|
num<30>        |out<17>        |    9.783|
num<30>        |out<18>        |    9.390|
num<30>        |out<19>        |    9.648|
num<30>        |out<20>        |    9.620|
num<30>        |out<21>        |    9.735|
num<30>        |out<22>        |    9.288|
num<30>        |out<23>        |    9.922|
num<30>        |out<24>        |    9.046|
num<30>        |out<25>        |    9.888|
num<30>        |out<26>        |    9.379|
num<30>        |out<27>        |   10.357|
num<30>        |out<28>        |   10.499|
num<30>        |out<29>        |   10.336|
num<30>        |out<30>        |   10.512|
num<30>        |out<31>        |    9.973|
num<31>        |out<0>         |    9.352|
num<31>        |out<1>         |    9.756|
num<31>        |out<2>         |    9.546|
num<31>        |out<3>         |    9.693|
num<31>        |out<4>         |    9.374|
num<31>        |out<5>         |    9.905|
num<31>        |out<6>         |    9.652|
num<31>        |out<7>         |    8.818|
num<31>        |out<8>         |    8.905|
num<31>        |out<9>         |    9.356|
num<31>        |out<10>        |    9.768|
num<31>        |out<11>        |    9.471|
num<31>        |out<12>        |    9.538|
num<31>        |out<13>        |    9.149|
num<31>        |out<14>        |    8.815|
num<31>        |out<15>        |    9.013|
num<31>        |out<16>        |    9.283|
num<31>        |out<17>        |    9.076|
num<31>        |out<18>        |    9.179|
num<31>        |out<19>        |    8.992|
num<31>        |out<20>        |    9.095|
num<31>        |out<21>        |    9.159|
num<31>        |out<22>        |    9.328|
num<31>        |out<23>        |    9.775|
num<31>        |out<24>        |    8.926|
num<31>        |out<25>        |   10.388|
num<31>        |out<26>        |    9.879|
num<31>        |out<27>        |   10.325|
num<31>        |out<28>        |   10.428|
num<31>        |out<29>        |   10.349|
num<31>        |out<30>        |   10.324|
num<31>        |out<31>        |   10.324|
shift<0>       |out<0>         |    6.104|
shift<0>       |out<1>         |    6.104|
shift<0>       |out<2>         |    6.063|
shift<0>       |out<3>         |    5.908|
shift<0>       |out<4>         |    5.804|
shift<0>       |out<5>         |    6.255|
shift<0>       |out<6>         |    6.147|
shift<0>       |out<7>         |    6.501|
shift<0>       |out<8>         |    6.575|
shift<0>       |out<9>         |    6.750|
shift<0>       |out<10>        |    6.991|
shift<0>       |out<11>        |    7.344|
shift<0>       |out<12>        |    7.231|
shift<0>       |out<13>        |    7.427|
shift<0>       |out<14>        |    7.645|
shift<0>       |out<15>        |    7.598|
shift<0>       |out<16>        |    7.883|
shift<0>       |out<17>        |    7.081|
shift<0>       |out<18>        |    7.500|
shift<0>       |out<19>        |    7.557|
shift<0>       |out<20>        |    7.140|
shift<0>       |out<21>        |    6.775|
shift<0>       |out<22>        |    6.919|
shift<0>       |out<23>        |    6.996|
shift<0>       |out<24>        |    6.580|
shift<0>       |out<25>        |    6.817|
shift<0>       |out<26>        |    6.449|
shift<0>       |out<27>        |    6.737|
shift<0>       |out<28>        |    6.823|
shift<0>       |out<29>        |    6.839|
shift<0>       |out<30>        |    7.190|
shift<0>       |out<31>        |    7.076|
shift<1>       |out<0>         |    7.759|
shift<1>       |out<1>         |    8.287|
shift<1>       |out<2>         |    7.841|
shift<1>       |out<3>         |    7.999|
shift<1>       |out<4>         |    7.790|
shift<1>       |out<5>         |    8.229|
shift<1>       |out<6>         |    8.882|
shift<1>       |out<7>         |    8.575|
shift<1>       |out<8>         |    8.469|
shift<1>       |out<9>         |    9.200|
shift<1>       |out<10>        |    9.713|
shift<1>       |out<11>        |    9.480|
shift<1>       |out<12>        |    9.317|
shift<1>       |out<13>        |    9.057|
shift<1>       |out<14>        |    8.881|
shift<1>       |out<15>        |    9.098|
shift<1>       |out<16>        |    9.368|
shift<1>       |out<17>        |    9.017|
shift<1>       |out<18>        |    8.844|
shift<1>       |out<19>        |    9.311|
shift<1>       |out<20>        |    9.283|
shift<1>       |out<21>        |    9.066|
shift<1>       |out<22>        |    9.172|
shift<1>       |out<23>        |    9.236|
shift<1>       |out<24>        |    8.488|
shift<1>       |out<25>        |    8.844|
shift<1>       |out<26>        |    8.203|
shift<1>       |out<27>        |    8.657|
shift<1>       |out<28>        |    8.799|
shift<1>       |out<29>        |    8.669|
shift<1>       |out<30>        |    8.886|
shift<1>       |out<31>        |    8.716|
shift<2>       |out<0>         |    7.576|
shift<2>       |out<1>         |    7.487|
shift<2>       |out<2>         |    7.743|
shift<2>       |out<3>         |    7.668|
shift<2>       |out<4>         |    7.673|
shift<2>       |out<5>         |    7.682|
shift<2>       |out<6>         |    8.842|
shift<2>       |out<7>         |    8.562|
shift<2>       |out<8>         |    8.214|
shift<2>       |out<9>         |    8.739|
shift<2>       |out<10>        |    9.135|
shift<2>       |out<11>        |    9.501|
shift<2>       |out<12>        |    9.020|
shift<2>       |out<13>        |    9.154|
shift<2>       |out<14>        |    8.970|
shift<2>       |out<15>        |    8.858|
shift<2>       |out<16>        |    9.128|
shift<2>       |out<17>        |    9.028|
shift<2>       |out<18>        |    8.914|
shift<2>       |out<19>        |    8.935|
shift<2>       |out<20>        |    8.930|
shift<2>       |out<21>        |    8.592|
shift<2>       |out<22>        |    8.711|
shift<2>       |out<23>        |    9.115|
shift<2>       |out<24>        |    8.475|
shift<2>       |out<25>        |    8.804|
shift<2>       |out<26>        |    7.707|
shift<2>       |out<27>        |    8.733|
shift<2>       |out<28>        |    8.213|
shift<2>       |out<29>        |    8.342|
shift<2>       |out<30>        |    8.548|
shift<2>       |out<31>        |    8.548|
shift<3>       |out<0>         |    9.453|
shift<3>       |out<1>         |    9.636|
shift<3>       |out<2>         |    9.849|
shift<3>       |out<3>         |    9.792|
shift<3>       |out<4>         |    9.750|
shift<3>       |out<5>         |   10.085|
shift<3>       |out<6>         |   10.410|
shift<3>       |out<7>         |    9.744|
shift<3>       |out<8>         |    9.542|
shift<3>       |out<9>         |    9.799|
shift<3>       |out<10>        |    9.649|
shift<3>       |out<11>        |    9.762|
shift<3>       |out<12>        |    9.430|
shift<3>       |out<13>        |    9.397|
shift<3>       |out<14>        |    9.099|
shift<3>       |out<15>        |    9.316|
shift<3>       |out<16>        |    9.586|
shift<3>       |out<17>        |    9.236|
shift<3>       |out<18>        |    9.284|
shift<3>       |out<19>        |    9.424|
shift<3>       |out<20>        |    9.396|
shift<3>       |out<21>        |    9.499|
shift<3>       |out<22>        |    9.567|
shift<3>       |out<23>        |    9.843|
shift<3>       |out<24>        |    9.657|
shift<3>       |out<25>        |   10.568|
shift<3>       |out<26>        |   10.059|
shift<3>       |out<27>        |   10.678|
shift<3>       |out<28>        |   10.235|
shift<3>       |out<29>        |   10.192|
shift<3>       |out<30>        |   10.667|
shift<3>       |out<31>        |   10.425|
shift<4>       |out<0>         |   10.268|
shift<4>       |out<1>         |   10.515|
shift<4>       |out<2>         |   10.680|
shift<4>       |out<3>         |   10.449|
shift<4>       |out<4>         |   10.592|
shift<4>       |out<5>         |   10.797|
shift<4>       |out<6>         |   11.254|
shift<4>       |out<7>         |   10.870|
shift<4>       |out<8>         |   10.668|
shift<4>       |out<9>         |   10.925|
shift<4>       |out<10>        |   10.775|
shift<4>       |out<11>        |   10.888|
shift<4>       |out<12>        |   10.332|
shift<4>       |out<13>        |   10.105|
shift<4>       |out<14>        |   10.121|
shift<4>       |out<15>        |   10.338|
shift<4>       |out<16>        |   10.608|
shift<4>       |out<17>        |   10.258|
shift<4>       |out<18>        |    9.992|
shift<4>       |out<19>        |   10.268|
shift<4>       |out<20>        |   10.513|
shift<4>       |out<21>        |   10.343|
shift<4>       |out<22>        |   10.693|
shift<4>       |out<23>        |   10.969|
shift<4>       |out<24>        |   10.783|
shift<4>       |out<25>        |   10.903|
shift<4>       |out<26>        |   10.641|
shift<4>       |out<27>        |   11.652|
shift<4>       |out<28>        |   11.130|
shift<4>       |out<29>        |   11.279|
shift<4>       |out<30>        |   11.324|
shift<4>       |out<31>        |   11.225|
---------------+---------------+---------+


Analysis completed Sat Mar 07 16:18:52 2020 
--------------------------------------------------------------------------------

Trace Settings:
-------------------------
Trace Settings 

Peak Memory Usage: 4999 MB



