--------------------------------------------------------------------------------
Release 14.7 Trace  (nt64)
Copyright (c) 1995-2013 Xilinx, Inc.  All rights reserved.

C:\Xilinx\14.7\ISE_DS\ISE\bin\nt64\unwrapped\trce.exe -intstyle ise -v 3 -s 3
-n 3 -fastpaths -xml leftshift.twx leftshift.ncd -o leftshift.twr leftshift.pcf

Design file:              leftshift.ncd
Physical constraint file: leftshift.pcf
Device,package,speed:     xc7a100t,csg324,C,-3 (PRODUCTION 1.10 2013-10-13)
Report level:             verbose report

Environment Variable      Effect 
--------------------      ------ 
NONE                      No environment variables were set
--------------------------------------------------------------------------------

INFO:Timing:2698 - No timing constraints found, doing default enumeration.
INFO:Timing:3412 - To improve timing, see the Timing Closure User Guide (UG612).
INFO:Timing:2752 - To get complete path coverage, use the unconstrained paths 
   option. All paths that are not constrained will be reported in the 
   unconstrained paths section(s) of the report.
INFO:Timing:3339 - The clock-to-out numbers in this timing report are based on 
   a 50 Ohm transmission line loading model.  For the details of this model, 
   and for more information on accounting for different loading conditions, 
   please see the device datasheet.



Data Sheet report:
-----------------
All values displayed in nanoseconds (ns)

Pad to Pad
---------------+---------------+---------+
Source Pad     |Destination Pad|  Delay  |
---------------+---------------+---------+
num<0>         |out<0>         |    8.010|
num<0>         |out<1>         |    8.270|
num<0>         |out<2>         |    7.745|
num<0>         |out<3>         |    7.942|
num<0>         |out<4>         |    7.932|
num<0>         |out<5>         |    7.705|
num<0>         |out<6>         |    7.529|
num<0>         |out<7>         |    8.014|
num<0>         |out<8>         |    8.254|
num<0>         |out<9>         |    8.026|
num<0>         |out<10>        |    7.735|
num<0>         |out<11>        |    8.299|
num<0>         |out<12>        |    7.733|
num<0>         |out<13>        |    7.580|
num<0>         |out<14>        |    8.006|
num<0>         |out<15>        |    7.234|
num<0>         |out<16>        |    8.276|
num<0>         |out<17>        |    7.937|
num<0>         |out<18>        |    8.100|
num<0>         |out<19>        |    7.585|
num<0>         |out<20>        |    7.650|
num<0>         |out<21>        |    7.685|
num<0>         |out<22>        |    7.545|
num<0>         |out<23>        |    7.455|
num<0>         |out<24>        |    6.867|
num<0>         |out<25>        |    6.985|
num<0>         |out<26>        |    7.399|
num<0>         |out<27>        |    7.162|
num<0>         |out<28>        |    7.569|
num<0>         |out<29>        |    7.489|
num<0>         |out<30>        |    7.349|
num<0>         |out<31>        |    7.631|
num<1>         |out<0>         |    8.416|
num<1>         |out<1>         |    8.070|
num<1>         |out<2>         |    8.331|
num<1>         |out<3>         |    8.248|
num<1>         |out<4>         |    8.150|
num<1>         |out<5>         |    8.266|
num<1>         |out<6>         |    8.400|
num<1>         |out<7>         |    8.131|
num<1>         |out<8>         |    8.463|
num<1>         |out<9>         |    8.542|
num<1>         |out<10>        |    8.833|
num<1>         |out<11>        |    8.281|
num<1>         |out<12>        |    8.582|
num<1>         |out<13>        |    8.495|
num<1>         |out<14>        |    8.208|
num<1>         |out<15>        |    8.387|
num<1>         |out<16>        |    8.420|
num<1>         |out<17>        |    8.397|
num<1>         |out<18>        |    8.485|
num<1>         |out<19>        |    8.242|
num<1>         |out<20>        |    8.606|
num<1>         |out<21>        |    8.099|
num<1>         |out<22>        |    8.117|
num<1>         |out<23>        |    8.114|
num<1>         |out<24>        |    8.253|
num<1>         |out<25>        |    8.461|
num<1>         |out<26>        |    8.302|
num<1>         |out<27>        |    8.604|
num<1>         |out<28>        |    8.642|
num<1>         |out<29>        |    9.033|
num<1>         |out<30>        |    8.459|
num<1>         |out<31>        |    8.983|
num<2>         |out<0>         |    8.457|
num<2>         |out<1>         |    8.949|
num<2>         |out<2>         |    8.197|
num<2>         |out<3>         |    8.093|
num<2>         |out<4>         |    8.017|
num<2>         |out<5>         |    8.325|
num<2>         |out<6>         |    8.039|
num<2>         |out<7>         |    7.841|
num<2>         |out<8>         |    7.619|
num<2>         |out<9>         |    7.991|
num<2>         |out<10>        |    8.314|
num<2>         |out<11>        |    8.560|
num<2>         |out<12>        |    8.135|
num<2>         |out<13>        |    8.659|
num<2>         |out<14>        |    7.627|
num<2>         |out<15>        |    7.374|
num<2>         |out<16>        |    7.623|
num<2>         |out<17>        |    7.479|
num<2>         |out<18>        |    7.814|
num<2>         |out<19>        |    8.371|
num<2>         |out<20>        |    8.247|
num<2>         |out<21>        |    8.338|
num<2>         |out<22>        |    7.962|
num<2>         |out<23>        |    7.661|
num<2>         |out<24>        |    7.767|
num<2>         |out<25>        |    8.174|
num<2>         |out<26>        |    8.409|
num<2>         |out<27>        |    8.432|
num<2>         |out<28>        |    8.473|
num<2>         |out<29>        |    8.730|
num<2>         |out<30>        |    9.085|
num<2>         |out<31>        |    8.777|
num<3>         |out<0>         |    8.709|
num<3>         |out<1>         |    8.106|
num<3>         |out<2>         |    8.036|
num<3>         |out<3>         |    8.344|
num<3>         |out<4>         |    8.223|
num<3>         |out<5>         |    8.171|
num<3>         |out<6>         |    8.331|
num<3>         |out<7>         |    8.096|
num<3>         |out<8>         |    7.881|
num<3>         |out<9>         |    7.469|
num<3>         |out<10>        |    7.466|
num<3>         |out<11>        |    7.889|
num<3>         |out<12>        |    7.796|
num<3>         |out<13>        |    7.623|
num<3>         |out<14>        |    7.653|
num<3>         |out<15>        |    7.936|
num<3>         |out<16>        |    7.977|
num<3>         |out<17>        |    7.659|
num<3>         |out<18>        |    7.620|
num<3>         |out<19>        |    8.868|
num<3>         |out<20>        |    8.753|
num<3>         |out<21>        |    8.813|
num<3>         |out<22>        |    8.856|
num<3>         |out<23>        |    8.318|
num<3>         |out<24>        |    8.191|
num<3>         |out<25>        |    8.341|
num<3>         |out<26>        |    8.305|
num<3>         |out<27>        |    8.644|
num<3>         |out<28>        |    8.685|
num<3>         |out<29>        |    8.916|
num<3>         |out<30>        |    8.689|
num<3>         |out<31>        |    8.952|
num<4>         |out<0>         |    8.396|
num<4>         |out<1>         |    8.656|
num<4>         |out<2>         |    8.131|
num<4>         |out<3>         |    8.328|
num<4>         |out<4>         |    8.611|
num<4>         |out<5>         |    8.384|
num<4>         |out<6>         |    8.208|
num<4>         |out<7>         |    8.693|
num<4>         |out<8>         |    8.574|
num<4>         |out<9>         |    8.346|
num<4>         |out<10>        |    8.055|
num<4>         |out<11>        |    8.619|
num<4>         |out<12>        |    7.567|
num<4>         |out<13>        |    7.414|
num<4>         |out<14>        |    7.840|
num<4>         |out<15>        |    7.068|
num<4>         |out<16>        |    7.799|
num<4>         |out<17>        |    7.460|
num<4>         |out<18>        |    7.623|
num<4>         |out<19>        |    7.108|
num<4>         |out<20>        |    7.925|
num<4>         |out<21>        |    7.960|
num<4>         |out<22>        |    7.820|
num<4>         |out<23>        |    7.730|
num<4>         |out<24>        |    7.080|
num<4>         |out<25>        |    7.198|
num<4>         |out<26>        |    7.612|
num<4>         |out<27>        |    7.375|
num<4>         |out<28>        |    8.980|
num<4>         |out<29>        |    8.900|
num<4>         |out<30>        |    8.760|
num<4>         |out<31>        |    9.042|
num<5>         |out<0>         |    8.390|
num<5>         |out<1>         |    8.159|
num<5>         |out<2>         |    8.420|
num<5>         |out<3>         |    8.337|
num<5>         |out<4>         |    8.239|
num<5>         |out<5>         |    7.958|
num<5>         |out<6>         |    8.092|
num<5>         |out<7>         |    7.823|
num<5>         |out<8>         |    8.155|
num<5>         |out<9>         |    7.890|
num<5>         |out<10>        |    8.181|
num<5>         |out<11>        |    7.629|
num<5>         |out<12>        |    7.930|
num<5>         |out<13>        |    8.690|
num<5>         |out<14>        |    8.403|
num<5>         |out<15>        |    8.582|
num<5>         |out<16>        |    8.615|
num<5>         |out<17>        |    8.728|
num<5>         |out<18>        |    8.816|
num<5>         |out<19>        |    8.573|
num<5>         |out<20>        |    8.937|
num<5>         |out<21>        |    8.136|
num<5>         |out<22>        |    8.154|
num<5>         |out<23>        |    8.151|
num<5>         |out<24>        |    8.290|
num<5>         |out<25>        |    8.528|
num<5>         |out<26>        |    8.369|
num<5>         |out<27>        |    8.671|
num<5>         |out<28>        |    8.709|
num<5>         |out<29>        |    9.007|
num<5>         |out<30>        |    8.433|
num<5>         |out<31>        |    8.957|
num<6>         |out<0>         |    8.360|
num<6>         |out<1>         |    8.852|
num<6>         |out<2>         |    8.202|
num<6>         |out<3>         |    8.098|
num<6>         |out<4>         |    8.022|
num<6>         |out<5>         |    8.330|
num<6>         |out<6>         |    8.037|
num<6>         |out<7>         |    7.839|
num<6>         |out<8>         |    7.617|
num<6>         |out<9>         |    7.989|
num<6>         |out<10>        |    8.013|
num<6>         |out<11>        |    8.259|
num<6>         |out<12>        |    7.834|
num<6>         |out<13>        |    8.358|
num<6>         |out<14>        |    7.918|
num<6>         |out<15>        |    7.665|
num<6>         |out<16>        |    7.914|
num<6>         |out<17>        |    7.770|
num<6>         |out<18>        |    7.916|
num<6>         |out<19>        |    8.473|
num<6>         |out<20>        |    8.349|
num<6>         |out<21>        |    8.440|
num<6>         |out<22>        |    8.253|
num<6>         |out<23>        |    7.952|
num<6>         |out<24>        |    8.058|
num<6>         |out<25>        |    8.465|
num<6>         |out<26>        |    8.343|
num<6>         |out<27>        |    8.366|
num<6>         |out<28>        |    8.407|
num<6>         |out<29>        |    8.664|
num<6>         |out<30>        |    8.988|
num<6>         |out<31>        |    8.680|
num<7>         |out<0>         |    8.492|
num<7>         |out<1>         |    7.889|
num<7>         |out<2>         |    7.819|
num<7>         |out<3>         |    8.244|
num<7>         |out<4>         |    8.123|
num<7>         |out<5>         |    8.071|
num<7>         |out<6>         |    8.231|
num<7>         |out<7>         |    8.511|
num<7>         |out<8>         |    8.296|
num<7>         |out<9>         |    7.884|
num<7>         |out<10>        |    7.881|
num<7>         |out<11>        |    8.111|
num<7>         |out<12>        |    8.018|
num<7>         |out<13>        |    7.845|
num<7>         |out<14>        |    7.875|
num<7>         |out<15>        |    8.023|
num<7>         |out<16>        |    8.064|
num<7>         |out<17>        |    7.746|
num<7>         |out<18>        |    7.707|
num<7>         |out<19>        |    7.463|
num<7>         |out<20>        |    7.348|
num<7>         |out<21>        |    7.408|
num<7>         |out<22>        |    7.451|
num<7>         |out<23>        |    7.877|
num<7>         |out<24>        |    7.750|
num<7>         |out<25>        |    7.900|
num<7>         |out<26>        |    7.864|
num<7>         |out<27>        |    8.317|
num<7>         |out<28>        |    8.358|
num<7>         |out<29>        |    8.589|
num<7>         |out<30>        |    8.362|
num<7>         |out<31>        |    8.735|
num<8>         |out<0>         |    8.362|
num<8>         |out<1>         |    8.622|
num<8>         |out<2>         |    8.097|
num<8>         |out<3>         |    8.294|
num<8>         |out<4>         |    8.284|
num<8>         |out<5>         |    8.057|
num<8>         |out<6>         |    7.881|
num<8>         |out<7>         |    8.366|
num<8>         |out<8>         |    8.368|
num<8>         |out<9>         |    8.140|
num<8>         |out<10>        |    7.849|
num<8>         |out<11>        |    8.413|
num<8>         |out<12>        |    7.847|
num<8>         |out<13>        |    7.694|
num<8>         |out<14>        |    8.120|
num<8>         |out<15>        |    7.348|
num<8>         |out<16>        |    8.367|
num<8>         |out<17>        |    8.028|
num<8>         |out<18>        |    8.191|
num<8>         |out<19>        |    7.676|
num<8>         |out<20>        |    7.741|
num<8>         |out<21>        |    7.776|
num<8>         |out<22>        |    7.636|
num<8>         |out<23>        |    7.546|
num<8>         |out<24>        |    7.339|
num<8>         |out<25>        |    7.457|
num<8>         |out<26>        |    7.871|
num<8>         |out<27>        |    7.634|
num<8>         |out<28>        |    8.041|
num<8>         |out<29>        |    7.961|
num<8>         |out<30>        |    7.821|
num<8>         |out<31>        |    8.103|
num<9>         |out<0>         |    8.172|
num<9>         |out<1>         |    7.831|
num<9>         |out<2>         |    8.092|
num<9>         |out<3>         |    8.009|
num<9>         |out<4>         |    7.911|
num<9>         |out<5>         |    8.027|
num<9>         |out<6>         |    8.161|
num<9>         |out<7>         |    7.892|
num<9>         |out<8>         |    8.224|
num<9>         |out<9>         |    8.357|
num<9>         |out<10>        |    8.648|
num<9>         |out<11>        |    8.096|
num<9>         |out<12>        |    8.397|
num<9>         |out<13>        |    8.310|
num<9>         |out<14>        |    8.023|
num<9>         |out<15>        |    8.202|
num<9>         |out<16>        |    8.235|
num<9>         |out<17>        |    8.402|
num<9>         |out<18>        |    8.490|
num<9>         |out<19>        |    8.247|
num<9>         |out<20>        |    8.611|
num<9>         |out<21>        |    8.104|
num<9>         |out<22>        |    8.122|
num<9>         |out<23>        |    8.119|
num<9>         |out<24>        |    8.258|
num<9>         |out<25>        |    8.217|
num<9>         |out<26>        |    8.058|
num<9>         |out<27>        |    8.360|
num<9>         |out<28>        |    8.398|
num<9>         |out<29>        |    8.789|
num<9>         |out<30>        |    8.215|
num<9>         |out<31>        |    8.739|
num<10>        |out<0>         |    8.598|
num<10>        |out<1>         |    9.090|
num<10>        |out<2>         |    8.345|
num<10>        |out<3>         |    8.241|
num<10>        |out<4>         |    8.165|
num<10>        |out<5>         |    8.473|
num<10>        |out<6>         |    8.187|
num<10>        |out<7>         |    7.989|
num<10>        |out<8>         |    7.767|
num<10>        |out<9>         |    8.139|
num<10>        |out<10>        |    8.560|
num<10>        |out<11>        |    8.806|
num<10>        |out<12>        |    8.381|
num<10>        |out<13>        |    8.905|
num<10>        |out<14>        |    7.873|
num<10>        |out<15>        |    7.620|
num<10>        |out<16>        |    7.869|
num<10>        |out<17>        |    7.725|
num<10>        |out<18>        |    8.053|
num<10>        |out<19>        |    8.610|
num<10>        |out<20>        |    8.486|
num<10>        |out<21>        |    8.577|
num<10>        |out<22>        |    8.201|
num<10>        |out<23>        |    7.900|
num<10>        |out<24>        |    8.006|
num<10>        |out<25>        |    8.413|
num<10>        |out<26>        |    8.550|
num<10>        |out<27>        |    8.573|
num<10>        |out<28>        |    8.614|
num<10>        |out<29>        |    8.871|
num<10>        |out<30>        |    9.226|
num<10>        |out<31>        |    8.918|
num<11>        |out<0>         |    8.637|
num<11>        |out<1>         |    8.034|
num<11>        |out<2>         |    7.964|
num<11>        |out<3>         |    8.452|
num<11>        |out<4>         |    8.331|
num<11>        |out<5>         |    8.279|
num<11>        |out<6>         |    8.439|
num<11>        |out<7>         |    8.204|
num<11>        |out<8>         |    7.989|
num<11>        |out<9>         |    7.577|
num<11>        |out<10>        |    7.574|
num<11>        |out<11>        |    7.547|
num<11>        |out<12>        |    7.454|
num<11>        |out<13>        |    7.281|
num<11>        |out<14>        |    7.311|
num<11>        |out<15>        |    7.594|
num<11>        |out<16>        |    7.635|
num<11>        |out<17>        |    7.317|
num<11>        |out<18>        |    7.278|
num<11>        |out<19>        |    8.808|
num<11>        |out<20>        |    8.693|
num<11>        |out<21>        |    8.753|
num<11>        |out<22>        |    8.796|
num<11>        |out<23>        |    8.258|
num<11>        |out<24>        |    8.131|
num<11>        |out<25>        |    8.281|
num<11>        |out<26>        |    8.245|
num<11>        |out<27>        |    8.572|
num<11>        |out<28>        |    8.613|
num<11>        |out<29>        |    8.844|
num<11>        |out<30>        |    8.617|
num<11>        |out<31>        |    8.880|
num<12>        |out<0>         |    8.305|
num<12>        |out<1>         |    8.565|
num<12>        |out<2>         |    8.040|
num<12>        |out<3>         |    8.237|
num<12>        |out<4>         |    8.644|
num<12>        |out<5>         |    8.417|
num<12>        |out<6>         |    8.241|
num<12>        |out<7>         |    8.726|
num<12>        |out<8>         |    8.607|
num<12>        |out<9>         |    8.379|
num<12>        |out<10>        |    8.088|
num<12>        |out<11>        |    8.652|
num<12>        |out<12>        |    7.667|
num<12>        |out<13>        |    7.514|
num<12>        |out<14>        |    7.940|
num<12>        |out<15>        |    7.168|
num<12>        |out<16>        |    7.899|
num<12>        |out<17>        |    7.560|
num<12>        |out<18>        |    7.723|
num<12>        |out<19>        |    7.208|
num<12>        |out<20>        |    8.421|
num<12>        |out<21>        |    8.456|
num<12>        |out<22>        |    8.316|
num<12>        |out<23>        |    8.226|
num<12>        |out<24>        |    7.576|
num<12>        |out<25>        |    7.694|
num<12>        |out<26>        |    8.108|
num<12>        |out<27>        |    7.871|
num<12>        |out<28>        |    8.889|
num<12>        |out<29>        |    8.809|
num<12>        |out<30>        |    8.669|
num<12>        |out<31>        |    8.951|
num<13>        |out<0>         |    8.571|
num<13>        |out<1>         |    8.340|
num<13>        |out<2>         |    8.601|
num<13>        |out<3>         |    8.518|
num<13>        |out<4>         |    8.420|
num<13>        |out<5>         |    8.386|
num<13>        |out<6>         |    8.520|
num<13>        |out<7>         |    8.251|
num<13>        |out<8>         |    8.583|
num<13>        |out<9>         |    8.318|
num<13>        |out<10>        |    8.609|
num<13>        |out<11>        |    8.057|
num<13>        |out<12>        |    8.358|
num<13>        |out<13>        |    8.614|
num<13>        |out<14>        |    8.327|
num<13>        |out<15>        |    8.506|
num<13>        |out<16>        |    8.539|
num<13>        |out<17>        |    8.652|
num<13>        |out<18>        |    8.740|
num<13>        |out<19>        |    8.497|
num<13>        |out<20>        |    8.861|
num<13>        |out<21>        |    8.143|
num<13>        |out<22>        |    8.161|
num<13>        |out<23>        |    8.158|
num<13>        |out<24>        |    8.297|
num<13>        |out<25>        |    8.535|
num<13>        |out<26>        |    8.376|
num<13>        |out<27>        |    8.678|
num<13>        |out<28>        |    8.716|
num<13>        |out<29>        |    9.188|
num<13>        |out<30>        |    8.614|
num<13>        |out<31>        |    9.138|
num<14>        |out<0>         |    8.785|
num<14>        |out<1>         |    9.277|
num<14>        |out<2>         |    8.627|
num<14>        |out<3>         |    8.523|
num<14>        |out<4>         |    8.447|
num<14>        |out<5>         |    8.755|
num<14>        |out<6>         |    8.812|
num<14>        |out<7>         |    8.614|
num<14>        |out<8>         |    8.392|
num<14>        |out<9>         |    8.764|
num<14>        |out<10>        |    8.788|
num<14>        |out<11>        |    9.034|
num<14>        |out<12>        |    8.609|
num<14>        |out<13>        |    9.133|
num<14>        |out<14>        |    8.227|
num<14>        |out<15>        |    7.974|
num<14>        |out<16>        |    8.223|
num<14>        |out<17>        |    8.079|
num<14>        |out<18>        |    8.225|
num<14>        |out<19>        |    8.782|
num<14>        |out<20>        |    8.658|
num<14>        |out<21>        |    8.749|
num<14>        |out<22>        |    8.737|
num<14>        |out<23>        |    8.436|
num<14>        |out<24>        |    8.542|
num<14>        |out<25>        |    8.949|
num<14>        |out<26>        |    8.827|
num<14>        |out<27>        |    8.850|
num<14>        |out<28>        |    8.891|
num<14>        |out<29>        |    9.148|
num<14>        |out<30>        |    9.413|
num<14>        |out<31>        |    9.105|
num<15>        |out<0>         |    7.405|
num<15>        |out<1>         |    6.802|
num<15>        |out<2>         |    6.732|
num<15>        |out<3>         |    7.157|
num<15>        |out<4>         |    7.036|
num<15>        |out<5>         |    6.984|
num<15>        |out<6>         |    7.144|
num<15>        |out<7>         |    8.190|
num<15>        |out<8>         |    7.975|
num<15>        |out<9>         |    7.563|
num<15>        |out<10>        |    7.560|
num<15>        |out<11>        |    7.790|
num<15>        |out<12>        |    7.697|
num<15>        |out<13>        |    7.524|
num<15>        |out<14>        |    7.554|
num<15>        |out<15>        |    9.109|
num<15>        |out<16>        |    9.150|
num<15>        |out<17>        |    8.832|
num<15>        |out<18>        |    8.793|
num<15>        |out<19>        |    8.549|
num<15>        |out<20>        |    8.434|
num<15>        |out<21>        |    8.494|
num<15>        |out<22>        |    8.537|
num<15>        |out<23>        |    8.182|
num<15>        |out<24>        |    8.055|
num<15>        |out<25>        |    8.205|
num<15>        |out<26>        |    8.169|
num<15>        |out<27>        |    8.622|
num<15>        |out<28>        |    8.663|
num<15>        |out<29>        |    8.894|
num<15>        |out<30>        |    8.667|
num<15>        |out<31>        |    7.648|
num<16>        |out<0>         |    7.557|
num<16>        |out<1>         |    7.817|
num<16>        |out<2>         |    7.292|
num<16>        |out<3>         |    7.489|
num<16>        |out<4>         |    7.479|
num<16>        |out<5>         |    7.252|
num<16>        |out<6>         |    7.076|
num<16>        |out<7>         |    7.561|
num<16>        |out<8>         |    9.051|
num<16>        |out<9>         |    8.823|
num<16>        |out<10>        |    8.532|
num<16>        |out<11>        |    9.096|
num<16>        |out<12>        |    8.530|
num<16>        |out<13>        |    8.377|
num<16>        |out<14>        |    8.803|
num<16>        |out<15>        |    8.031|
num<16>        |out<16>        |    9.168|
num<16>        |out<17>        |    8.829|
num<16>        |out<18>        |    8.992|
num<16>        |out<19>        |    8.477|
num<16>        |out<20>        |    8.542|
num<16>        |out<21>        |    8.577|
num<16>        |out<22>        |    8.437|
num<16>        |out<23>        |    8.347|
num<16>        |out<24>        |    7.941|
num<16>        |out<25>        |    8.059|
num<16>        |out<26>        |    8.473|
num<16>        |out<27>        |    8.236|
num<16>        |out<28>        |    8.643|
num<16>        |out<29>        |    8.563|
num<16>        |out<30>        |    8.423|
num<16>        |out<31>        |    8.705|
num<17>        |out<0>         |    8.805|
num<17>        |out<1>         |    7.989|
num<17>        |out<2>         |    8.250|
num<17>        |out<3>         |    8.167|
num<17>        |out<4>         |    8.069|
num<17>        |out<5>         |    8.185|
num<17>        |out<6>         |    8.319|
num<17>        |out<7>         |    8.050|
num<17>        |out<8>         |    8.382|
num<17>        |out<9>         |    8.535|
num<17>        |out<10>        |    8.826|
num<17>        |out<11>        |    8.274|
num<17>        |out<12>        |    8.575|
num<17>        |out<13>        |    8.488|
num<17>        |out<14>        |    8.201|
num<17>        |out<15>        |    8.380|
num<17>        |out<16>        |    8.413|
num<17>        |out<17>        |    8.660|
num<17>        |out<18>        |    8.748|
num<17>        |out<19>        |    8.505|
num<17>        |out<20>        |    8.869|
num<17>        |out<21>        |    8.362|
num<17>        |out<22>        |    8.380|
num<17>        |out<23>        |    8.377|
num<17>        |out<24>        |    8.516|
num<17>        |out<25>        |    8.850|
num<17>        |out<26>        |    8.691|
num<17>        |out<27>        |    8.993|
num<17>        |out<28>        |    9.031|
num<17>        |out<29>        |    9.422|
num<17>        |out<30>        |    8.848|
num<17>        |out<31>        |    9.372|
num<18>        |out<0>         |    8.602|
num<18>        |out<1>         |    9.094|
num<18>        |out<2>         |    8.514|
num<18>        |out<3>         |    8.410|
num<18>        |out<4>         |    8.334|
num<18>        |out<5>         |    8.642|
num<18>        |out<6>         |    8.356|
num<18>        |out<7>         |    8.158|
num<18>        |out<8>         |    7.936|
num<18>        |out<9>         |    8.308|
num<18>        |out<10>        |    8.839|
num<18>        |out<11>        |    9.085|
num<18>        |out<12>        |    8.660|
num<18>        |out<13>        |    9.184|
num<18>        |out<14>        |    8.152|
num<18>        |out<15>        |    7.899|
num<18>        |out<16>        |    8.148|
num<18>        |out<17>        |    8.004|
num<18>        |out<18>        |    8.167|
num<18>        |out<19>        |    8.724|
num<18>        |out<20>        |    8.600|
num<18>        |out<21>        |    8.691|
num<18>        |out<22>        |    8.315|
num<18>        |out<23>        |    8.014|
num<18>        |out<24>        |    8.120|
num<18>        |out<25>        |    8.527|
num<18>        |out<26>        |    8.554|
num<18>        |out<27>        |    8.577|
num<18>        |out<28>        |    8.618|
num<18>        |out<29>        |    8.875|
num<18>        |out<30>        |    9.230|
num<18>        |out<31>        |    8.922|
num<19>        |out<0>         |    8.818|
num<19>        |out<1>         |    8.215|
num<19>        |out<2>         |    8.145|
num<19>        |out<3>         |    8.360|
num<19>        |out<4>         |    8.239|
num<19>        |out<5>         |    8.187|
num<19>        |out<6>         |    8.347|
num<19>        |out<7>         |    8.112|
num<19>        |out<8>         |    7.897|
num<19>        |out<9>         |    7.485|
num<19>        |out<10>        |    7.482|
num<19>        |out<11>        |    7.569|
num<19>        |out<12>        |    7.476|
num<19>        |out<13>        |    7.303|
num<19>        |out<14>        |    7.333|
num<19>        |out<15>        |    7.616|
num<19>        |out<16>        |    7.657|
num<19>        |out<17>        |    7.339|
num<19>        |out<18>        |    7.300|
num<19>        |out<19>        |    8.613|
num<19>        |out<20>        |    8.498|
num<19>        |out<21>        |    8.558|
num<19>        |out<22>        |    8.601|
num<19>        |out<23>        |    8.063|
num<19>        |out<24>        |    7.936|
num<19>        |out<25>        |    8.086|
num<19>        |out<26>        |    8.050|
num<19>        |out<27>        |    8.753|
num<19>        |out<28>        |    8.794|
num<19>        |out<29>        |    9.025|
num<19>        |out<30>        |    8.798|
num<19>        |out<31>        |    9.061|
num<20>        |out<0>         |    8.860|
num<20>        |out<1>         |    9.120|
num<20>        |out<2>         |    8.595|
num<20>        |out<3>         |    8.792|
num<20>        |out<4>         |    9.204|
num<20>        |out<5>         |    8.977|
num<20>        |out<6>         |    8.801|
num<20>        |out<7>         |    9.286|
num<20>        |out<8>         |    9.167|
num<20>        |out<9>         |    8.939|
num<20>        |out<10>        |    8.648|
num<20>        |out<11>        |    9.212|
num<20>        |out<12>        |    9.005|
num<20>        |out<13>        |    8.852|
num<20>        |out<14>        |    9.278|
num<20>        |out<15>        |    8.506|
num<20>        |out<16>        |    9.237|
num<20>        |out<17>        |    8.898|
num<20>        |out<18>        |    9.061|
num<20>        |out<19>        |    8.546|
num<20>        |out<20>        |    8.872|
num<20>        |out<21>        |    8.907|
num<20>        |out<22>        |    8.767|
num<20>        |out<23>        |    8.677|
num<20>        |out<24>        |    8.027|
num<20>        |out<25>        |    8.145|
num<20>        |out<26>        |    8.559|
num<20>        |out<27>        |    8.322|
num<20>        |out<28>        |    9.444|
num<20>        |out<29>        |    9.364|
num<20>        |out<30>        |    9.224|
num<20>        |out<31>        |    9.506|
num<21>        |out<0>         |    8.776|
num<21>        |out<1>         |    8.545|
num<21>        |out<2>         |    8.806|
num<21>        |out<3>         |    8.723|
num<21>        |out<4>         |    8.625|
num<21>        |out<5>         |    8.450|
num<21>        |out<6>         |    8.584|
num<21>        |out<7>         |    8.315|
num<21>        |out<8>         |    8.647|
num<21>        |out<9>         |    8.382|
num<21>        |out<10>        |    8.673|
num<21>        |out<11>        |    8.121|
num<21>        |out<12>        |    8.422|
num<21>        |out<13>        |    8.800|
num<21>        |out<14>        |    8.513|
num<21>        |out<15>        |    8.692|
num<21>        |out<16>        |    8.725|
num<21>        |out<17>        |    8.838|
num<21>        |out<18>        |    8.926|
num<21>        |out<19>        |    8.683|
num<21>        |out<20>        |    9.047|
num<21>        |out<21>        |    8.128|
num<21>        |out<22>        |    8.146|
num<21>        |out<23>        |    8.143|
num<21>        |out<24>        |    8.282|
num<21>        |out<25>        |    8.520|
num<21>        |out<26>        |    8.361|
num<21>        |out<27>        |    8.663|
num<21>        |out<28>        |    8.701|
num<21>        |out<29>        |    9.393|
num<21>        |out<30>        |    8.819|
num<21>        |out<31>        |    9.343|
num<22>        |out<0>         |    8.594|
num<22>        |out<1>         |    9.086|
num<22>        |out<2>         |    8.436|
num<22>        |out<3>         |    8.332|
num<22>        |out<4>         |    8.256|
num<22>        |out<5>         |    8.564|
num<22>        |out<6>         |    8.446|
num<22>        |out<7>         |    8.248|
num<22>        |out<8>         |    8.026|
num<22>        |out<9>         |    8.398|
num<22>        |out<10>        |    8.422|
num<22>        |out<11>        |    8.668|
num<22>        |out<12>        |    8.243|
num<22>        |out<13>        |    8.767|
num<22>        |out<14>        |    8.108|
num<22>        |out<15>        |    7.855|
num<22>        |out<16>        |    8.104|
num<22>        |out<17>        |    7.960|
num<22>        |out<18>        |    8.106|
num<22>        |out<19>        |    8.663|
num<22>        |out<20>        |    8.539|
num<22>        |out<21>        |    8.630|
num<22>        |out<22>        |    8.268|
num<22>        |out<23>        |    7.967|
num<22>        |out<24>        |    8.073|
num<22>        |out<25>        |    8.480|
num<22>        |out<26>        |    8.358|
num<22>        |out<27>        |    8.381|
num<22>        |out<28>        |    8.422|
num<22>        |out<29>        |    8.679|
num<22>        |out<30>        |    9.222|
num<22>        |out<31>        |    8.914|
num<23>        |out<0>         |    8.981|
num<23>        |out<1>         |    8.378|
num<23>        |out<2>         |    8.308|
num<23>        |out<3>         |    8.733|
num<23>        |out<4>         |    8.612|
num<23>        |out<5>         |    8.560|
num<23>        |out<6>         |    8.720|
num<23>        |out<7>         |    9.388|
num<23>        |out<8>         |    9.173|
num<23>        |out<9>         |    8.761|
num<23>        |out<10>        |    8.758|
num<23>        |out<11>        |    8.988|
num<23>        |out<12>        |    8.895|
num<23>        |out<13>        |    8.722|
num<23>        |out<14>        |    8.752|
num<23>        |out<15>        |    9.505|
num<23>        |out<16>        |    9.546|
num<23>        |out<17>        |    9.228|
num<23>        |out<18>        |    9.189|
num<23>        |out<19>        |    8.945|
num<23>        |out<20>        |    8.830|
num<23>        |out<21>        |    8.890|
num<23>        |out<22>        |    8.933|
num<23>        |out<23>        |    8.467|
num<23>        |out<24>        |    8.340|
num<23>        |out<25>        |    8.490|
num<23>        |out<26>        |    8.454|
num<23>        |out<27>        |    8.907|
num<23>        |out<28>        |    8.948|
num<23>        |out<29>        |    9.179|
num<23>        |out<30>        |    8.952|
num<23>        |out<31>        |    9.224|
num<24>        |out<0>         |    8.387|
num<24>        |out<1>         |    8.647|
num<24>        |out<2>         |    8.122|
num<24>        |out<3>         |    8.319|
num<24>        |out<4>         |    8.309|
num<24>        |out<5>         |    8.082|
num<24>        |out<6>         |    7.906|
num<24>        |out<7>         |    8.391|
num<24>        |out<8>         |    9.261|
num<24>        |out<9>         |    9.033|
num<24>        |out<10>        |    8.742|
num<24>        |out<11>        |    9.306|
num<24>        |out<12>        |    8.740|
num<24>        |out<13>        |    8.587|
num<24>        |out<14>        |    9.013|
num<24>        |out<15>        |    8.241|
num<24>        |out<16>        |    9.648|
num<24>        |out<17>        |    9.309|
num<24>        |out<18>        |    9.472|
num<24>        |out<19>        |    8.957|
num<24>        |out<20>        |    9.022|
num<24>        |out<21>        |    9.057|
num<24>        |out<22>        |    8.917|
num<24>        |out<23>        |    8.827|
num<24>        |out<24>        |    8.330|
num<24>        |out<25>        |    8.448|
num<24>        |out<26>        |    8.862|
num<24>        |out<27>        |    8.625|
num<24>        |out<28>        |    9.032|
num<24>        |out<29>        |    8.952|
num<24>        |out<30>        |    8.812|
num<24>        |out<31>        |    9.094|
num<25>        |out<0>         |    8.829|
num<25>        |out<1>         |    8.214|
num<25>        |out<2>         |    8.475|
num<25>        |out<3>         |    8.392|
num<25>        |out<4>         |    8.294|
num<25>        |out<5>         |    8.410|
num<25>        |out<6>         |    8.544|
num<25>        |out<7>         |    8.275|
num<25>        |out<8>         |    8.607|
num<25>        |out<9>         |    8.242|
num<25>        |out<10>        |    8.533|
num<25>        |out<11>        |    7.981|
num<25>        |out<12>        |    8.282|
num<25>        |out<13>        |    8.195|
num<25>        |out<14>        |    7.908|
num<25>        |out<15>        |    8.087|
num<25>        |out<16>        |    8.120|
num<25>        |out<17>        |    8.866|
num<25>        |out<18>        |    8.954|
num<25>        |out<19>        |    8.711|
num<25>        |out<20>        |    9.075|
num<25>        |out<21>        |    8.568|
num<25>        |out<22>        |    8.586|
num<25>        |out<23>        |    8.583|
num<25>        |out<24>        |    8.722|
num<25>        |out<25>        |    8.874|
num<25>        |out<26>        |    8.715|
num<25>        |out<27>        |    9.017|
num<25>        |out<28>        |    9.055|
num<25>        |out<29>        |    9.446|
num<25>        |out<30>        |    8.872|
num<25>        |out<31>        |    9.396|
num<26>        |out<0>         |    8.686|
num<26>        |out<1>         |    9.178|
num<26>        |out<2>         |    8.250|
num<26>        |out<3>         |    8.146|
num<26>        |out<4>         |    8.070|
num<26>        |out<5>         |    8.378|
num<26>        |out<6>         |    8.092|
num<26>        |out<7>         |    7.894|
num<26>        |out<8>         |    7.672|
num<26>        |out<9>         |    8.044|
num<26>        |out<10>        |    8.355|
num<26>        |out<11>        |    8.601|
num<26>        |out<12>        |    8.176|
num<26>        |out<13>        |    8.700|
num<26>        |out<14>        |    7.668|
num<26>        |out<15>        |    7.415|
num<26>        |out<16>        |    7.664|
num<26>        |out<17>        |    7.520|
num<26>        |out<18>        |    8.031|
num<26>        |out<19>        |    8.588|
num<26>        |out<20>        |    8.464|
num<26>        |out<21>        |    8.555|
num<26>        |out<22>        |    8.179|
num<26>        |out<23>        |    7.878|
num<26>        |out<24>        |    7.984|
num<26>        |out<25>        |    8.391|
num<26>        |out<26>        |    8.638|
num<26>        |out<27>        |    8.661|
num<26>        |out<28>        |    8.702|
num<26>        |out<29>        |    8.959|
num<26>        |out<30>        |    9.314|
num<26>        |out<31>        |    9.006|
num<27>        |out<0>         |    9.206|
num<27>        |out<1>         |    8.603|
num<27>        |out<2>         |    8.533|
num<27>        |out<3>         |    8.983|
num<27>        |out<4>         |    8.862|
num<27>        |out<5>         |    8.810|
num<27>        |out<6>         |    8.970|
num<27>        |out<7>         |    8.735|
num<27>        |out<8>         |    8.520|
num<27>        |out<9>         |    8.108|
num<27>        |out<10>        |    8.105|
num<27>        |out<11>        |    8.209|
num<27>        |out<12>        |    8.116|
num<27>        |out<13>        |    7.943|
num<27>        |out<14>        |    7.973|
num<27>        |out<15>        |    8.256|
num<27>        |out<16>        |    8.297|
num<27>        |out<17>        |    7.979|
num<27>        |out<18>        |    7.940|
num<27>        |out<19>        |    8.754|
num<27>        |out<20>        |    8.639|
num<27>        |out<21>        |    8.699|
num<27>        |out<22>        |    8.742|
num<27>        |out<23>        |    8.204|
num<27>        |out<24>        |    8.077|
num<27>        |out<25>        |    8.227|
num<27>        |out<26>        |    8.191|
num<27>        |out<27>        |    9.141|
num<27>        |out<28>        |    9.182|
num<27>        |out<29>        |    9.413|
num<27>        |out<30>        |    9.186|
num<27>        |out<31>        |    9.449|
num<28>        |out<0>         |    9.050|
num<28>        |out<1>         |    9.310|
num<28>        |out<2>         |    8.785|
num<28>        |out<3>         |    8.982|
num<28>        |out<4>         |    8.849|
num<28>        |out<5>         |    8.622|
num<28>        |out<6>         |    8.446|
num<28>        |out<7>         |    8.931|
num<28>        |out<8>         |    8.812|
num<28>        |out<9>         |    8.584|
num<28>        |out<10>        |    8.293|
num<28>        |out<11>        |    8.857|
num<28>        |out<12>        |    9.067|
num<28>        |out<13>        |    8.914|
num<28>        |out<14>        |    9.340|
num<28>        |out<15>        |    8.568|
num<28>        |out<16>        |    9.299|
num<28>        |out<17>        |    8.960|
num<28>        |out<18>        |    9.123|
num<28>        |out<19>        |    8.608|
num<28>        |out<20>        |    8.694|
num<28>        |out<21>        |    8.729|
num<28>        |out<22>        |    8.589|
num<28>        |out<23>        |    8.499|
num<28>        |out<24>        |    7.849|
num<28>        |out<25>        |    7.967|
num<28>        |out<26>        |    8.381|
num<28>        |out<27>        |    8.144|
num<28>        |out<28>        |    9.634|
num<28>        |out<29>        |    9.554|
num<28>        |out<30>        |    9.414|
num<28>        |out<31>        |    9.696|
num<29>        |out<0>         |    8.373|
num<29>        |out<1>         |    8.142|
num<29>        |out<2>         |    8.403|
num<29>        |out<3>         |    8.320|
num<29>        |out<4>         |    8.222|
num<29>        |out<5>         |    8.179|
num<29>        |out<6>         |    8.313|
num<29>        |out<7>         |    8.044|
num<29>        |out<8>         |    8.376|
num<29>        |out<9>         |    8.111|
num<29>        |out<10>        |    8.402|
num<29>        |out<11>        |    7.850|
num<29>        |out<12>        |    8.151|
num<29>        |out<13>        |    8.160|
num<29>        |out<14>        |    7.873|
num<29>        |out<15>        |    8.052|
num<29>        |out<16>        |    8.085|
num<29>        |out<17>        |    8.198|
num<29>        |out<18>        |    8.286|
num<29>        |out<19>        |    8.043|
num<29>        |out<20>        |    8.407|
num<29>        |out<21>        |    8.332|
num<29>        |out<22>        |    8.350|
num<29>        |out<23>        |    8.347|
num<29>        |out<24>        |    8.486|
num<29>        |out<25>        |    8.724|
num<29>        |out<26>        |    8.565|
num<29>        |out<27>        |    8.867|
num<29>        |out<28>        |    8.905|
num<29>        |out<29>        |    8.990|
num<29>        |out<30>        |    8.416|
num<29>        |out<31>        |    8.940|
num<30>        |out<0>         |    8.597|
num<30>        |out<1>         |    9.089|
num<30>        |out<2>         |    8.439|
num<30>        |out<3>         |    8.335|
num<30>        |out<4>         |    8.259|
num<30>        |out<5>         |    8.567|
num<30>        |out<6>         |    8.270|
num<30>        |out<7>         |    8.072|
num<30>        |out<8>         |    7.850|
num<30>        |out<9>         |    8.222|
num<30>        |out<10>        |    8.246|
num<30>        |out<11>        |    8.492|
num<30>        |out<12>        |    8.067|
num<30>        |out<13>        |    8.591|
num<30>        |out<14>        |    8.258|
num<30>        |out<15>        |    8.005|
num<30>        |out<16>        |    8.254|
num<30>        |out<17>        |    8.110|
num<30>        |out<18>        |    8.256|
num<30>        |out<19>        |    8.813|
num<30>        |out<20>        |    8.689|
num<30>        |out<21>        |    8.780|
num<30>        |out<22>        |    8.410|
num<30>        |out<23>        |    8.109|
num<30>        |out<24>        |    8.215|
num<30>        |out<25>        |    8.622|
num<30>        |out<26>        |    8.500|
num<30>        |out<27>        |    8.523|
num<30>        |out<28>        |    8.564|
num<30>        |out<29>        |    8.821|
num<30>        |out<30>        |    9.225|
num<30>        |out<31>        |    8.917|
num<31>        |out<0>         |    8.089|
num<31>        |out<1>         |    7.486|
num<31>        |out<2>         |    7.416|
num<31>        |out<3>         |    7.841|
num<31>        |out<4>         |    7.720|
num<31>        |out<5>         |    7.668|
num<31>        |out<6>         |    7.828|
num<31>        |out<7>         |    9.057|
num<31>        |out<8>         |    8.842|
num<31>        |out<9>         |    8.430|
num<31>        |out<10>        |    8.427|
num<31>        |out<11>        |    8.657|
num<31>        |out<12>        |    8.564|
num<31>        |out<13>        |    8.391|
num<31>        |out<14>        |    8.421|
num<31>        |out<15>        |    9.681|
num<31>        |out<16>        |    9.722|
num<31>        |out<17>        |    9.404|
num<31>        |out<18>        |    9.365|
num<31>        |out<19>        |    9.121|
num<31>        |out<20>        |    9.006|
num<31>        |out<21>        |    9.066|
num<31>        |out<22>        |    9.109|
num<31>        |out<23>        |    8.989|
num<31>        |out<24>        |    8.862|
num<31>        |out<25>        |    9.012|
num<31>        |out<26>        |    8.976|
num<31>        |out<27>        |    9.429|
num<31>        |out<28>        |    9.470|
num<31>        |out<29>        |    9.701|
num<31>        |out<30>        |    9.474|
num<31>        |out<31>        |    8.332|
shift<0>       |out<0>         |    6.401|
shift<0>       |out<1>         |    6.391|
shift<0>       |out<2>         |    6.204|
shift<0>       |out<3>         |    6.214|
shift<0>       |out<4>         |    5.809|
shift<0>       |out<5>         |    6.013|
shift<0>       |out<6>         |    5.548|
shift<0>       |out<7>         |    5.643|
shift<0>       |out<8>         |    5.632|
shift<0>       |out<9>         |    5.527|
shift<0>       |out<10>        |    6.784|
shift<0>       |out<11>        |    6.042|
shift<0>       |out<12>        |    6.298|
shift<0>       |out<13>        |    5.912|
shift<0>       |out<14>        |    6.188|
shift<0>       |out<15>        |    6.296|
shift<0>       |out<16>        |    6.565|
shift<0>       |out<17>        |    6.412|
shift<0>       |out<18>        |    6.531|
shift<0>       |out<19>        |    6.398|
shift<0>       |out<20>        |    6.533|
shift<0>       |out<21>        |    6.558|
shift<0>       |out<22>        |    6.683|
shift<0>       |out<23>        |    7.282|
shift<0>       |out<24>        |    7.475|
shift<0>       |out<25>        |    7.105|
shift<0>       |out<26>        |    7.212|
shift<0>       |out<27>        |    7.594|
shift<0>       |out<28>        |    8.220|
shift<0>       |out<29>        |    7.891|
shift<0>       |out<30>        |    7.742|
shift<0>       |out<31>        |    7.718|
shift<1>       |out<0>         |    6.611|
shift<1>       |out<1>         |    6.305|
shift<1>       |out<2>         |    6.213|
shift<1>       |out<3>         |    6.300|
shift<1>       |out<4>         |    6.085|
shift<1>       |out<5>         |    5.740|
shift<1>       |out<6>         |    5.543|
shift<1>       |out<7>         |    5.339|
shift<1>       |out<8>         |    5.847|
shift<1>       |out<9>         |    5.626|
shift<1>       |out<10>        |    6.842|
shift<1>       |out<11>        |    5.776|
shift<1>       |out<12>        |    5.768|
shift<1>       |out<13>        |    5.955|
shift<1>       |out<14>        |    6.127|
shift<1>       |out<15>        |    6.095|
shift<1>       |out<16>        |    6.033|
shift<1>       |out<17>        |    6.054|
shift<1>       |out<18>        |    6.260|
shift<1>       |out<19>        |    6.565|
shift<1>       |out<20>        |    6.627|
shift<1>       |out<21>        |    6.726|
shift<1>       |out<22>        |    6.854|
shift<1>       |out<23>        |    7.231|
shift<1>       |out<24>        |    7.350|
shift<1>       |out<25>        |    7.171|
shift<1>       |out<26>        |    7.363|
shift<1>       |out<27>        |    7.656|
shift<1>       |out<28>        |    7.448|
shift<1>       |out<29>        |    8.100|
shift<1>       |out<30>        |    7.750|
shift<1>       |out<31>        |    7.656|
shift<2>       |out<0>         |    8.651|
shift<2>       |out<1>         |    8.911|
shift<2>       |out<2>         |    8.386|
shift<2>       |out<3>         |    8.583|
shift<2>       |out<4>         |    8.633|
shift<2>       |out<5>         |    8.406|
shift<2>       |out<6>         |    8.230|
shift<2>       |out<7>         |    8.861|
shift<2>       |out<8>         |    8.646|
shift<2>       |out<9>         |    8.353|
shift<2>       |out<10>        |    8.281|
shift<2>       |out<11>        |    8.626|
shift<2>       |out<12>        |    9.045|
shift<2>       |out<13>        |    8.892|
shift<2>       |out<14>        |    9.318|
shift<2>       |out<15>        |    8.546|
shift<2>       |out<16>        |    9.277|
shift<2>       |out<17>        |    8.938|
shift<2>       |out<18>        |    9.101|
shift<2>       |out<19>        |    8.606|
shift<2>       |out<20>        |    8.741|
shift<2>       |out<21>        |    8.776|
shift<2>       |out<22>        |    8.636|
shift<2>       |out<23>        |    8.546|
shift<2>       |out<24>        |    8.371|
shift<2>       |out<25>        |    8.521|
shift<2>       |out<26>        |    8.745|
shift<2>       |out<27>        |    8.929|
shift<2>       |out<28>        |    8.970|
shift<2>       |out<29>        |    9.201|
shift<2>       |out<30>        |    8.974|
shift<2>       |out<31>        |    8.983|
shift<3>       |out<0>         |    9.251|
shift<3>       |out<1>         |    9.511|
shift<3>       |out<2>         |    8.986|
shift<3>       |out<3>         |    9.308|
shift<3>       |out<4>         |   10.286|
shift<3>       |out<5>         |   10.059|
shift<3>       |out<6>         |    9.883|
shift<3>       |out<7>         |   10.368|
shift<3>       |out<8>         |   10.249|
shift<3>       |out<9>         |   10.021|
shift<3>       |out<10>        |    9.730|
shift<3>       |out<11>        |   10.294|
shift<3>       |out<12>        |    9.760|
shift<3>       |out<13>        |    9.607|
shift<3>       |out<14>        |   10.033|
shift<3>       |out<15>        |   10.214|
shift<3>       |out<16>        |   10.524|
shift<3>       |out<17>        |   10.185|
shift<3>       |out<18>        |   10.348|
shift<3>       |out<19>        |    9.833|
shift<3>       |out<20>        |    9.974|
shift<3>       |out<21>        |   10.009|
shift<3>       |out<22>        |    9.869|
shift<3>       |out<23>        |    9.779|
shift<3>       |out<24>        |    9.129|
shift<3>       |out<25>        |    9.247|
shift<3>       |out<26>        |    9.661|
shift<3>       |out<27>        |    9.424|
shift<3>       |out<28>        |    9.835|
shift<3>       |out<29>        |    9.755|
shift<3>       |out<30>        |    9.615|
shift<3>       |out<31>        |    9.897|
shift<4>       |out<0>         |    9.314|
shift<4>       |out<1>         |    9.613|
shift<4>       |out<2>         |    8.996|
shift<4>       |out<3>         |    9.834|
shift<4>       |out<4>         |    9.713|
shift<4>       |out<5>         |    9.661|
shift<4>       |out<6>         |    9.821|
shift<4>       |out<7>         |    9.744|
shift<4>       |out<8>         |   10.179|
shift<4>       |out<9>         |    9.951|
shift<4>       |out<10>        |    9.660|
shift<4>       |out<11>        |   10.224|
shift<4>       |out<12>        |    9.658|
shift<4>       |out<13>        |    9.557|
shift<4>       |out<14>        |    9.931|
shift<4>       |out<15>        |    9.725|
shift<4>       |out<16>        |   10.024|
shift<4>       |out<17>        |    9.685|
shift<4>       |out<18>        |    9.848|
shift<4>       |out<19>        |    9.333|
shift<4>       |out<20>        |    9.775|
shift<4>       |out<21>        |    9.810|
shift<4>       |out<22>        |    9.670|
shift<4>       |out<23>        |    9.580|
shift<4>       |out<24>        |    8.930|
shift<4>       |out<25>        |    9.212|
shift<4>       |out<26>        |    9.462|
shift<4>       |out<27>        |    9.249|
shift<4>       |out<28>        |    9.845|
shift<4>       |out<29>        |    9.765|
shift<4>       |out<30>        |    9.749|
shift<4>       |out<31>        |    9.907|
---------------+---------------+---------+


Analysis completed Sat Mar 07 14:57:04 2020 
--------------------------------------------------------------------------------

Trace Settings:
-------------------------
Trace Settings 

Peak Memory Usage: 5003 MB



